13:24:29 **** Build of configuration Debug for project tiva ****
make all 
Building file: ../bsp.c
Invoking: GNU Arm Cross C Compiler
arm-none-eabi-gcc -mcpu=cortex-m4 -mthumb -mlittle-endian -O0 -fmessage-length=0 -fsigned-char -ffunction-sections -fdata-sections -Wall  -g3 -DTM4C123GH6PM -std=gnu11 -v -MMD -MP -MF"bsp.d" -MT"bsp.o" -c -o "bsp.o" "../bsp.c"
Using built-in specs.
COLLECT_GCC=arm-none-eabi-gcc
Target: arm-none-eabi
Configured with: /mnt/workspace/workspace/GCC-10-pipeline/jenkins-GCC-10-pipeline-48_20201124_1606180641/src/gcc/configure --target=arm-none-eabi --prefix=/mnt/workspace/workspace/GCC-10-pipeline/jenkins-GCC-10-pipeline-48_20201124_1606180641/install-native --libexecdir=/mnt/workspace/workspace/GCC-10-pipeline/jenkins-GCC-10-pipeline-48_20201124_1606180641/install-native/lib --infodir=/mnt/workspace/workspace/GCC-10-pipeline/jenkins-GCC-10-pipeline-48_20201124_1606180641/install-native/share/doc/gcc-arm-none-eabi/info --mandir=/mnt/workspace/workspace/GCC-10-pipeline/jenkins-GCC-10-pipeline-48_20201124_1606180641/install-native/share/doc/gcc-arm-none-eabi/man --htmldir=/mnt/workspace/workspace/GCC-10-pipeline/jenkins-GCC-10-pipeline-48_20201124_1606180641/install-native/share/doc/gcc-arm-none-eabi/html --pdfdir=/mnt/workspace/workspace/GCC-10-pipeline/jenkins-GCC-10-pipeline-48_20201124_1606180641/install-native/share/doc/gcc-arm-none-eabi/pdf --enable-languages=c,c++ --enable-plugins --disable-decimal-float --disable-libffi --disable-libgomp --disable-libmudflap --disable-libquadmath --disable-libssp --disable-libstdcxx-pch --disable-nls --disable-shared --disable-threads --disable-tls --with-gnu-as --with-gnu-ld --with-newlib --with-headers=yes --with-python-dir=share/gcc-arm-none-eabi --with-sysroot=/mnt/workspace/workspace/GCC-10-pipeline/jenkins-GCC-10-pipeline-48_20201124_1606180641/install-native/arm-none-eabi --build=x86_64-linux-gnu --host=x86_64-linux-gnu --with-gmp=/mnt/workspace/workspace/GCC-10-pipeline/jenkins-GCC-10-pipeline-48_20201124_1606180641/build-native/host-libs/usr --with-mpfr=/mnt/workspace/workspace/GCC-10-pipeline/jenkins-GCC-10-pipeline-48_20201124_1606180641/build-native/host-libs/usr --with-mpc=/mnt/workspace/workspace/GCC-10-pipeline/jenkins-GCC-10-pipeline-48_20201124_1606180641/build-native/host-libs/usr --with-isl=/mnt/workspace/workspace/GCC-10-pipeline/jenkins-GCC-10-pipeline-48_20201124_1606180641/build-native/host-libs/usr --with-libelf=/mnt/workspace/workspace/GCC-10-pipeline/jenkins-GCC-10-pipeline-48_20201124_1606180641/build-native/host-libs/usr --with-host-libstdcxx='-static-libgcc -Wl,-Bstatic,-lstdc++,-Bdynamic -lm' --with-pkgversion='GNU Arm Embedded Toolchain 10-2020-q4-major' --with-multilib-list=rmprofile,aprofile
Thread model: single
Supported LTO compression algorithms: zlib
gcc version 10.2.1 20201103 (release) (GNU Arm Embedded Toolchain 10-2020-q4-major) 
COLLECT_GCC_OPTIONS='-mcpu=cortex-m4' '-mthumb' '-mlittle-endian' '-O0' '-fmessage-length=0' '-fsigned-char' '-ffunction-sections' '-fdata-sections' '-Wall' '-g3' '-D' 'TM4C123GH6PM' '-std=gnu11' '-v' '-MMD' '-MP' '-MF' 'bsp.d' '-MT' 'bsp.o' '-c' '-o' 'bsp.o' '-mfloat-abi=soft' '-march=armv7e-m'
 /home/vksalian/Desktop/Practice_2021/baremetal_tiva_TM4C123GH6PM_IDE/gcc-arm-none-eabi-10-2020-q4-major/bin/../lib/gcc/arm-none-eabi/10.2.1/cc1 -quiet -v -imultilib thumb/v7e-m/nofp -iprefix /home/vksalian/Desktop/Practice_2021/baremetal_tiva_TM4C123GH6PM_IDE/gcc-arm-none-eabi-10-2020-q4-major/bin/../lib/gcc/arm-none-eabi/10.2.1/ -isysroot /home/vksalian/Desktop/Practice_2021/baremetal_tiva_TM4C123GH6PM_IDE/gcc-arm-none-eabi-10-2020-q4-major/bin/../arm-none-eabi -MMD bsp.d -MF bsp.d -MP -MT bsp.o -dD -D__USES_INITFINI__ -D TM4C123GH6PM ../bsp.c -quiet -dumpbase bsp.c -mcpu=cortex-m4 -mthumb -mlittle-endian -mfloat-abi=soft -march=armv7e-m -auxbase-strip bsp.o -g3 -O0 -Wall -std=gnu11 -version -fmessage-length=0 -fsigned-char -ffunction-sections -fdata-sections -o /tmp/ccbKNmxy.s
GNU C11 (GNU Arm Embedded Toolchain 10-2020-q4-major) version 10.2.1 20201103 (release) (arm-none-eabi)
	compiled by GNU C version 4.8.4, GMP version 6.1.0, MPFR version 3.1.4, MPC version 1.0.3, isl version isl-0.18-GMP

GGC heuristics: --param ggc-min-expand=100 --param ggc-min-heapsize=131072
ignoring duplicate directory "/home/vksalian/Desktop/Practice_2021/baremetal_tiva_TM4C123GH6PM_IDE/gcc-arm-none-eabi-10-2020-q4-major/bin/../lib/gcc/../../lib/gcc/arm-none-eabi/10.2.1/include"
ignoring nonexistent directory "/home/vksalian/Desktop/Practice_2021/baremetal_tiva_TM4C123GH6PM_IDE/gcc-arm-none-eabi-10-2020-q4-major/bin/../arm-none-eabi/usr/local/include"
ignoring duplicate directory "/home/vksalian/Desktop/Practice_2021/baremetal_tiva_TM4C123GH6PM_IDE/gcc-arm-none-eabi-10-2020-q4-major/bin/../lib/gcc/../../lib/gcc/arm-none-eabi/10.2.1/include-fixed"
ignoring duplicate directory "/home/vksalian/Desktop/Practice_2021/baremetal_tiva_TM4C123GH6PM_IDE/gcc-arm-none-eabi-10-2020-q4-major/bin/../lib/gcc/../../lib/gcc/arm-none-eabi/10.2.1/../../../../arm-none-eabi/include"
ignoring nonexistent directory "/home/vksalian/Desktop/Practice_2021/baremetal_tiva_TM4C123GH6PM_IDE/gcc-arm-none-eabi-10-2020-q4-major/bin/../arm-none-eabi/usr/include"
#include "..." search starts here:
#include <...> search starts here:
 /home/vksalian/Desktop/Practice_2021/baremetal_tiva_TM4C123GH6PM_IDE/gcc-arm-none-eabi-10-2020-q4-major/bin/../lib/gcc/arm-none-eabi/10.2.1/include
 /home/vksalian/Desktop/Practice_2021/baremetal_tiva_TM4C123GH6PM_IDE/gcc-arm-none-eabi-10-2020-q4-major/bin/../lib/gcc/arm-none-eabi/10.2.1/include-fixed
 /home/vksalian/Desktop/Practice_2021/baremetal_tiva_TM4C123GH6PM_IDE/gcc-arm-none-eabi-10-2020-q4-major/bin/../lib/gcc/arm-none-eabi/10.2.1/../../../../arm-none-eabi/include
End of search list.
GNU C11 (GNU Arm Embedded Toolchain 10-2020-q4-major) version 10.2.1 20201103 (release) (arm-none-eabi)
	compiled by GNU C version 4.8.4, GMP version 6.1.0, MPFR version 3.1.4, MPC version 1.0.3, isl version isl-0.18-GMP

GGC heuristics: --param ggc-min-expand=100 --param ggc-min-heapsize=131072
Compiler executable checksum: e9addb35ad3a920a846c18a834db924d
COLLECT_GCC_OPTIONS='-mcpu=cortex-m4' '-mthumb' '-mlittle-endian' '-O0' '-fmessage-length=0' '-fsigned-char' '-ffunction-sections' '-fdata-sections' '-Wall' '-g3' '-D' 'TM4C123GH6PM' '-std=gnu11' '-v' '-MMD' '-MP' '-MF' 'bsp.d' '-MT' 'bsp.o' '-c' '-o' 'bsp.o' '-mfloat-abi=soft' '-march=armv7e-m'
 /home/vksalian/Desktop/Practice_2021/baremetal_tiva_TM4C123GH6PM_IDE/gcc-arm-none-eabi-10-2020-q4-major/bin/../lib/gcc/arm-none-eabi/10.2.1/../../../../arm-none-eabi/bin/as -v -EL -march=armv7e-m -mfloat-abi=soft -meabi=5 -o bsp.o /tmp/ccbKNmxy.s
GNU assembler version 2.35.1 (arm-none-eabi) using BFD version (GNU Arm Embedded Toolchain 10-2020-q4-major) 2.35.1.20201028
COMPILER_PATH=/home/vksalian/Desktop/Practice_2021/baremetal_tiva_TM4C123GH6PM_IDE/gcc-arm-none-eabi-10-2020-q4-major/bin/../lib/gcc/arm-none-eabi/10.2.1/:/home/vksalian/Desktop/Practice_2021/baremetal_tiva_TM4C123GH6PM_IDE/gcc-arm-none-eabi-10-2020-q4-major/bin/../lib/gcc/:/home/vksalian/Desktop/Practice_2021/baremetal_tiva_TM4C123GH6PM_IDE/gcc-arm-none-eabi-10-2020-q4-major/bin/../lib/gcc/arm-none-eabi/10.2.1/../../../../arm-none-eabi/bin/
LIBRARY_PATH=/home/vksalian/Desktop/Practice_2021/baremetal_tiva_TM4C123GH6PM_IDE/gcc-arm-none-eabi-10-2020-q4-major/bin/../lib/gcc/arm-none-eabi/10.2.1/thumb/v7e-m/nofp/:/home/vksalian/Desktop/Practice_2021/baremetal_tiva_TM4C123GH6PM_IDE/gcc-arm-none-eabi-10-2020-q4-major/bin/../lib/gcc/arm-none-eabi/10.2.1/../../../../arm-none-eabi/lib/thumb/v7e-m/nofp/:/home/vksalian/Desktop/Practice_2021/baremetal_tiva_TM4C123GH6PM_IDE/gcc-arm-none-eabi-10-2020-q4-major/bin/../arm-none-eabi/lib/thumb/v7e-m/nofp/:/home/vksalian/Desktop/Practice_2021/baremetal_tiva_TM4C123GH6PM_IDE/gcc-arm-none-eabi-10-2020-q4-major/bin/../lib/gcc/arm-none-eabi/10.2.1/:/home/vksalian/Desktop/Practice_2021/baremetal_tiva_TM4C123GH6PM_IDE/gcc-arm-none-eabi-10-2020-q4-major/bin/../lib/gcc/:/home/vksalian/Desktop/Practice_2021/baremetal_tiva_TM4C123GH6PM_IDE/gcc-arm-none-eabi-10-2020-q4-major/bin/../lib/gcc/arm-none-eabi/10.2.1/../../../../arm-none-eabi/lib/:/home/vksalian/Desktop/Practice_2021/baremetal_tiva_TM4C123GH6PM_IDE/gcc-arm-none-eabi-10-2020-q4-major/bin/../arm-none-eabi/lib/
COLLECT_GCC_OPTIONS='-mcpu=cortex-m4' '-mthumb' '-mlittle-endian' '-O0' '-fmessage-length=0' '-fsigned-char' '-ffunction-sections' '-fdata-sections' '-Wall' '-g3' '-D' 'TM4C123GH6PM' '-std=gnu11' '-v' '-MMD' '-MP' '-MF' 'bsp.d' '-MT' 'bsp.o' '-c' '-o' 'bsp.o' '-mfloat-abi=soft' '-march=armv7e-m'
Finished building: ../bsp.c
 
Building file: ../led.c
Invoking: GNU Arm Cross C Compiler
arm-none-eabi-gcc -mcpu=cortex-m4 -mthumb -mlittle-endian -O0 -fmessage-length=0 -fsigned-char -ffunction-sections -fdata-sections -Wall  -g3 -DTM4C123GH6PM -std=gnu11 -v -MMD -MP -MF"led.d" -MT"led.o" -c -o "led.o" "../led.c"
Using built-in specs.
COLLECT_GCC=arm-none-eabi-gcc
Target: arm-none-eabi
Configured with: /mnt/workspace/workspace/GCC-10-pipeline/jenkins-GCC-10-pipeline-48_20201124_1606180641/src/gcc/configure --target=arm-none-eabi --prefix=/mnt/workspace/workspace/GCC-10-pipeline/jenkins-GCC-10-pipeline-48_20201124_1606180641/install-native --libexecdir=/mnt/workspace/workspace/GCC-10-pipeline/jenkins-GCC-10-pipeline-48_20201124_1606180641/install-native/lib --infodir=/mnt/workspace/workspace/GCC-10-pipeline/jenkins-GCC-10-pipeline-48_20201124_1606180641/install-native/share/doc/gcc-arm-none-eabi/info --mandir=/mnt/workspace/workspace/GCC-10-pipeline/jenkins-GCC-10-pipeline-48_20201124_1606180641/install-native/share/doc/gcc-arm-none-eabi/man --htmldir=/mnt/workspace/workspace/GCC-10-pipeline/jenkins-GCC-10-pipeline-48_20201124_1606180641/install-native/share/doc/gcc-arm-none-eabi/html --pdfdir=/mnt/workspace/workspace/GCC-10-pipeline/jenkins-GCC-10-pipeline-48_20201124_1606180641/install-native/share/doc/gcc-arm-none-eabi/pdf --enable-languages=c,c++ --enable-plugins --disable-decimal-float --disable-libffi --disable-libgomp --disable-libmudflap --disable-libquadmath --disable-libssp --disable-libstdcxx-pch --disable-nls --disable-shared --disable-threads --disable-tls --with-gnu-as --with-gnu-ld --with-newlib --with-headers=yes --with-python-dir=share/gcc-arm-none-eabi --with-sysroot=/mnt/workspace/workspace/GCC-10-pipeline/jenkins-GCC-10-pipeline-48_20201124_1606180641/install-native/arm-none-eabi --build=x86_64-linux-gnu --host=x86_64-linux-gnu --with-gmp=/mnt/workspace/workspace/GCC-10-pipeline/jenkins-GCC-10-pipeline-48_20201124_1606180641/build-native/host-libs/usr --with-mpfr=/mnt/workspace/workspace/GCC-10-pipeline/jenkins-GCC-10-pipeline-48_20201124_1606180641/build-native/host-libs/usr --with-mpc=/mnt/workspace/workspace/GCC-10-pipeline/jenkins-GCC-10-pipeline-48_20201124_1606180641/build-native/host-libs/usr --with-isl=/mnt/workspace/workspace/GCC-10-pipeline/jenkins-GCC-10-pipeline-48_20201124_1606180641/build-native/host-libs/usr --with-libelf=/mnt/workspace/workspace/GCC-10-pipeline/jenkins-GCC-10-pipeline-48_20201124_1606180641/build-native/host-libs/usr --with-host-libstdcxx='-static-libgcc -Wl,-Bstatic,-lstdc++,-Bdynamic -lm' --with-pkgversion='GNU Arm Embedded Toolchain 10-2020-q4-major' --with-multilib-list=rmprofile,aprofile
Thread model: single
Supported LTO compression algorithms: zlib
gcc version 10.2.1 20201103 (release) (GNU Arm Embedded Toolchain 10-2020-q4-major) 
COLLECT_GCC_OPTIONS='-mcpu=cortex-m4' '-mthumb' '-mlittle-endian' '-O0' '-fmessage-length=0' '-fsigned-char' '-ffunction-sections' '-fdata-sections' '-Wall' '-g3' '-D' 'TM4C123GH6PM' '-std=gnu11' '-v' '-MMD' '-MP' '-MF' 'led.d' '-MT' 'led.o' '-c' '-o' 'led.o' '-mfloat-abi=soft' '-march=armv7e-m'
 /home/vksalian/Desktop/Practice_2021/baremetal_tiva_TM4C123GH6PM_IDE/gcc-arm-none-eabi-10-2020-q4-major/bin/../lib/gcc/arm-none-eabi/10.2.1/cc1 -quiet -v -imultilib thumb/v7e-m/nofp -iprefix /home/vksalian/Desktop/Practice_2021/baremetal_tiva_TM4C123GH6PM_IDE/gcc-arm-none-eabi-10-2020-q4-major/bin/../lib/gcc/arm-none-eabi/10.2.1/ -isysroot /home/vksalian/Desktop/Practice_2021/baremetal_tiva_TM4C123GH6PM_IDE/gcc-arm-none-eabi-10-2020-q4-major/bin/../arm-none-eabi -MMD led.d -MF led.d -MP -MT led.o -dD -D__USES_INITFINI__ -D TM4C123GH6PM ../led.c -quiet -dumpbase led.c -mcpu=cortex-m4 -mthumb -mlittle-endian -mfloat-abi=soft -march=armv7e-m -auxbase-strip led.o -g3 -O0 -Wall -std=gnu11 -version -fmessage-length=0 -fsigned-char -ffunction-sections -fdata-sections -o /tmp/ccCsCo8Q.s
GNU C11 (GNU Arm Embedded Toolchain 10-2020-q4-major) version 10.2.1 20201103 (release) (arm-none-eabi)
	compiled by GNU C version 4.8.4, GMP version 6.1.0, MPFR version 3.1.4, MPC version 1.0.3, isl version isl-0.18-GMP

GGC heuristics: --param ggc-min-expand=100 --param ggc-min-heapsize=131072
ignoring duplicate directory "/home/vksalian/Desktop/Practice_2021/baremetal_tiva_TM4C123GH6PM_IDE/gcc-arm-none-eabi-10-2020-q4-major/bin/../lib/gcc/../../lib/gcc/arm-none-eabi/10.2.1/include"
ignoring nonexistent directory "/home/vksalian/Desktop/Practice_2021/baremetal_tiva_TM4C123GH6PM_IDE/gcc-arm-none-eabi-10-2020-q4-major/bin/../arm-none-eabi/usr/local/include"
ignoring duplicate directory "/home/vksalian/Desktop/Practice_2021/baremetal_tiva_TM4C123GH6PM_IDE/gcc-arm-none-eabi-10-2020-q4-major/bin/../lib/gcc/../../lib/gcc/arm-none-eabi/10.2.1/include-fixed"
ignoring duplicate directory "/home/vksalian/Desktop/Practice_2021/baremetal_tiva_TM4C123GH6PM_IDE/gcc-arm-none-eabi-10-2020-q4-major/bin/../lib/gcc/../../lib/gcc/arm-none-eabi/10.2.1/../../../../arm-none-eabi/include"
ignoring nonexistent directory "/home/vksalian/Desktop/Practice_2021/baremetal_tiva_TM4C123GH6PM_IDE/gcc-arm-none-eabi-10-2020-q4-major/bin/../arm-none-eabi/usr/include"
#include "..." search starts here:
#include <...> search starts here:
 /home/vksalian/Desktop/Practice_2021/baremetal_tiva_TM4C123GH6PM_IDE/gcc-arm-none-eabi-10-2020-q4-major/bin/../lib/gcc/arm-none-eabi/10.2.1/include
 /home/vksalian/Desktop/Practice_2021/baremetal_tiva_TM4C123GH6PM_IDE/gcc-arm-none-eabi-10-2020-q4-major/bin/../lib/gcc/arm-none-eabi/10.2.1/include-fixed
 /home/vksalian/Desktop/Practice_2021/baremetal_tiva_TM4C123GH6PM_IDE/gcc-arm-none-eabi-10-2020-q4-major/bin/../lib/gcc/arm-none-eabi/10.2.1/../../../../arm-none-eabi/include
End of search list.
GNU C11 (GNU Arm Embedded Toolchain 10-2020-q4-major) version 10.2.1 20201103 (release) (arm-none-eabi)
	compiled by GNU C version 4.8.4, GMP version 6.1.0, MPFR version 3.1.4, MPC version 1.0.3, isl version isl-0.18-GMP

GGC heuristics: --param ggc-min-expand=100 --param ggc-min-heapsize=131072
Compiler executable checksum: e9addb35ad3a920a846c18a834db924d
COLLECT_GCC_OPTIONS='-mcpu=cortex-m4' '-mthumb' '-mlittle-endian' '-O0' '-fmessage-length=0' '-fsigned-char' '-ffunction-sections' '-fdata-sections' '-Wall' '-g3' '-D' 'TM4C123GH6PM' '-std=gnu11' '-v' '-MMD' '-MP' '-MF' 'led.d' '-MT' 'led.o' '-c' '-o' 'led.o' '-mfloat-abi=soft' '-march=armv7e-m'
 /home/vksalian/Desktop/Practice_2021/baremetal_tiva_TM4C123GH6PM_IDE/gcc-arm-none-eabi-10-2020-q4-major/bin/../lib/gcc/arm-none-eabi/10.2.1/../../../../arm-none-eabi/bin/as -v -EL -march=armv7e-m -mfloat-abi=soft -meabi=5 -o led.o /tmp/ccCsCo8Q.s
GNU assembler version 2.35.1 (arm-none-eabi) using BFD version (GNU Arm Embedded Toolchain 10-2020-q4-major) 2.35.1.20201028
COMPILER_PATH=/home/vksalian/Desktop/Practice_2021/baremetal_tiva_TM4C123GH6PM_IDE/gcc-arm-none-eabi-10-2020-q4-major/bin/../lib/gcc/arm-none-eabi/10.2.1/:/home/vksalian/Desktop/Practice_2021/baremetal_tiva_TM4C123GH6PM_IDE/gcc-arm-none-eabi-10-2020-q4-major/bin/../lib/gcc/:/home/vksalian/Desktop/Practice_2021/baremetal_tiva_TM4C123GH6PM_IDE/gcc-arm-none-eabi-10-2020-q4-major/bin/../lib/gcc/arm-none-eabi/10.2.1/../../../../arm-none-eabi/bin/
LIBRARY_PATH=/home/vksalian/Desktop/Practice_2021/baremetal_tiva_TM4C123GH6PM_IDE/gcc-arm-none-eabi-10-2020-q4-major/bin/../lib/gcc/arm-none-eabi/10.2.1/thumb/v7e-m/nofp/:/home/vksalian/Desktop/Practice_2021/baremetal_tiva_TM4C123GH6PM_IDE/gcc-arm-none-eabi-10-2020-q4-major/bin/../lib/gcc/arm-none-eabi/10.2.1/../../../../arm-none-eabi/lib/thumb/v7e-m/nofp/:/home/vksalian/Desktop/Practice_2021/baremetal_tiva_TM4C123GH6PM_IDE/gcc-arm-none-eabi-10-2020-q4-major/bin/../arm-none-eabi/lib/thumb/v7e-m/nofp/:/home/vksalian/Desktop/Practice_2021/baremetal_tiva_TM4C123GH6PM_IDE/gcc-arm-none-eabi-10-2020-q4-major/bin/../lib/gcc/arm-none-eabi/10.2.1/:/home/vksalian/Desktop/Practice_2021/baremetal_tiva_TM4C123GH6PM_IDE/gcc-arm-none-eabi-10-2020-q4-major/bin/../lib/gcc/:/home/vksalian/Desktop/Practice_2021/baremetal_tiva_TM4C123GH6PM_IDE/gcc-arm-none-eabi-10-2020-q4-major/bin/../lib/gcc/arm-none-eabi/10.2.1/../../../../arm-none-eabi/lib/:/home/vksalian/Desktop/Practice_2021/baremetal_tiva_TM4C123GH6PM_IDE/gcc-arm-none-eabi-10-2020-q4-major/bin/../arm-none-eabi/lib/
COLLECT_GCC_OPTIONS='-mcpu=cortex-m4' '-mthumb' '-mlittle-endian' '-O0' '-fmessage-length=0' '-fsigned-char' '-ffunction-sections' '-fdata-sections' '-Wall' '-g3' '-D' 'TM4C123GH6PM' '-std=gnu11' '-v' '-MMD' '-MP' '-MF' 'led.d' '-MT' 'led.o' '-c' '-o' 'led.o' '-mfloat-abi=soft' '-march=armv7e-m'
Finished building: ../led.c
 
Building file: ../main.c
Invoking: GNU Arm Cross C Compiler
arm-none-eabi-gcc -mcpu=cortex-m4 -mthumb -mlittle-endian -O0 -fmessage-length=0 -fsigned-char -ffunction-sections -fdata-sections -Wall  -g3 -DTM4C123GH6PM -std=gnu11 -v -MMD -MP -MF"main.d" -MT"main.o" -c -o "main.o" "../main.c"
Using built-in specs.
COLLECT_GCC=arm-none-eabi-gcc
Target: arm-none-eabi
Configured with: /mnt/workspace/workspace/GCC-10-pipeline/jenkins-GCC-10-pipeline-48_20201124_1606180641/src/gcc/configure --target=arm-none-eabi --prefix=/mnt/workspace/workspace/GCC-10-pipeline/jenkins-GCC-10-pipeline-48_20201124_1606180641/install-native --libexecdir=/mnt/workspace/workspace/GCC-10-pipeline/jenkins-GCC-10-pipeline-48_20201124_1606180641/install-native/lib --infodir=/mnt/workspace/workspace/GCC-10-pipeline/jenkins-GCC-10-pipeline-48_20201124_1606180641/install-native/share/doc/gcc-arm-none-eabi/info --mandir=/mnt/workspace/workspace/GCC-10-pipeline/jenkins-GCC-10-pipeline-48_20201124_1606180641/install-native/share/doc/gcc-arm-none-eabi/man --htmldir=/mnt/workspace/workspace/GCC-10-pipeline/jenkins-GCC-10-pipeline-48_20201124_1606180641/install-native/share/doc/gcc-arm-none-eabi/html --pdfdir=/mnt/workspace/workspace/GCC-10-pipeline/jenkins-GCC-10-pipeline-48_20201124_1606180641/install-native/share/doc/gcc-arm-none-eabi/pdf --enable-languages=c,c++ --enable-plugins --disable-decimal-float --disable-libffi --disable-libgomp --disable-libmudflap --disable-libquadmath --disable-libssp --disable-libstdcxx-pch --disable-nls --disable-shared --disable-threads --disable-tls --with-gnu-as --with-gnu-ld --with-newlib --with-headers=yes --with-python-dir=share/gcc-arm-none-eabi --with-sysroot=/mnt/workspace/workspace/GCC-10-pipeline/jenkins-GCC-10-pipeline-48_20201124_1606180641/install-native/arm-none-eabi --build=x86_64-linux-gnu --host=x86_64-linux-gnu --with-gmp=/mnt/workspace/workspace/GCC-10-pipeline/jenkins-GCC-10-pipeline-48_20201124_1606180641/build-native/host-libs/usr --with-mpfr=/mnt/workspace/workspace/GCC-10-pipeline/jenkins-GCC-10-pipeline-48_20201124_1606180641/build-native/host-libs/usr --with-mpc=/mnt/workspace/workspace/GCC-10-pipeline/jenkins-GCC-10-pipeline-48_20201124_1606180641/build-native/host-libs/usr --with-isl=/mnt/workspace/workspace/GCC-10-pipeline/jenkins-GCC-10-pipeline-48_20201124_1606180641/build-native/host-libs/usr --with-libelf=/mnt/workspace/workspace/GCC-10-pipeline/jenkins-GCC-10-pipeline-48_20201124_1606180641/build-native/host-libs/usr --with-host-libstdcxx='-static-libgcc -Wl,-Bstatic,-lstdc++,-Bdynamic -lm' --with-pkgversion='GNU Arm Embedded Toolchain 10-2020-q4-major' --with-multilib-list=rmprofile,aprofile
Thread model: single
Supported LTO compression algorithms: zlib
gcc version 10.2.1 20201103 (release) (GNU Arm Embedded Toolchain 10-2020-q4-major) 
COLLECT_GCC_OPTIONS='-mcpu=cortex-m4' '-mthumb' '-mlittle-endian' '-O0' '-fmessage-length=0' '-fsigned-char' '-ffunction-sections' '-fdata-sections' '-Wall' '-g3' '-D' 'TM4C123GH6PM' '-std=gnu11' '-v' '-MMD' '-MP' '-MF' 'main.d' '-MT' 'main.o' '-c' '-o' 'main.o' '-mfloat-abi=soft' '-march=armv7e-m'
 /home/vksalian/Desktop/Practice_2021/baremetal_tiva_TM4C123GH6PM_IDE/gcc-arm-none-eabi-10-2020-q4-major/bin/../lib/gcc/arm-none-eabi/10.2.1/cc1 -quiet -v -imultilib thumb/v7e-m/nofp -iprefix /home/vksalian/Desktop/Practice_2021/baremetal_tiva_TM4C123GH6PM_IDE/gcc-arm-none-eabi-10-2020-q4-major/bin/../lib/gcc/arm-none-eabi/10.2.1/ -isysroot /home/vksalian/Desktop/Practice_2021/baremetal_tiva_TM4C123GH6PM_IDE/gcc-arm-none-eabi-10-2020-q4-major/bin/../arm-none-eabi -MMD main.d -MF main.d -MP -MT main.o -dD -D__USES_INITFINI__ -D TM4C123GH6PM ../main.c -quiet -dumpbase main.c -mcpu=cortex-m4 -mthumb -mlittle-endian -mfloat-abi=soft -march=armv7e-m -auxbase-strip main.o -g3 -O0 -Wall -std=gnu11 -version -fmessage-length=0 -fsigned-char -ffunction-sections -fdata-sections -o /tmp/ccpb07pX.s
GNU C11 (GNU Arm Embedded Toolchain 10-2020-q4-major) version 10.2.1 20201103 (release) (arm-none-eabi)
	compiled by GNU C version 4.8.4, GMP version 6.1.0, MPFR version 3.1.4, MPC version 1.0.3, isl version isl-0.18-GMP

GGC heuristics: --param ggc-min-expand=100 --param ggc-min-heapsize=131072
ignoring duplicate directory "/home/vksalian/Desktop/Practice_2021/baremetal_tiva_TM4C123GH6PM_IDE/gcc-arm-none-eabi-10-2020-q4-major/bin/../lib/gcc/../../lib/gcc/arm-none-eabi/10.2.1/include"
ignoring nonexistent directory "/home/vksalian/Desktop/Practice_2021/baremetal_tiva_TM4C123GH6PM_IDE/gcc-arm-none-eabi-10-2020-q4-major/bin/../arm-none-eabi/usr/local/include"
ignoring duplicate directory "/home/vksalian/Desktop/Practice_2021/baremetal_tiva_TM4C123GH6PM_IDE/gcc-arm-none-eabi-10-2020-q4-major/bin/../lib/gcc/../../lib/gcc/arm-none-eabi/10.2.1/include-fixed"
ignoring duplicate directory "/home/vksalian/Desktop/Practice_2021/baremetal_tiva_TM4C123GH6PM_IDE/gcc-arm-none-eabi-10-2020-q4-major/bin/../lib/gcc/../../lib/gcc/arm-none-eabi/10.2.1/../../../../arm-none-eabi/include"
ignoring nonexistent directory "/home/vksalian/Desktop/Practice_2021/baremetal_tiva_TM4C123GH6PM_IDE/gcc-arm-none-eabi-10-2020-q4-major/bin/../arm-none-eabi/usr/include"
#include "..." search starts here:
#include <...> search starts here:
 /home/vksalian/Desktop/Practice_2021/baremetal_tiva_TM4C123GH6PM_IDE/gcc-arm-none-eabi-10-2020-q4-major/bin/../lib/gcc/arm-none-eabi/10.2.1/include
 /home/vksalian/Desktop/Practice_2021/baremetal_tiva_TM4C123GH6PM_IDE/gcc-arm-none-eabi-10-2020-q4-major/bin/../lib/gcc/arm-none-eabi/10.2.1/include-fixed
 /home/vksalian/Desktop/Practice_2021/baremetal_tiva_TM4C123GH6PM_IDE/gcc-arm-none-eabi-10-2020-q4-major/bin/../lib/gcc/arm-none-eabi/10.2.1/../../../../arm-none-eabi/include
End of search list.
GNU C11 (GNU Arm Embedded Toolchain 10-2020-q4-major) version 10.2.1 20201103 (release) (arm-none-eabi)
	compiled by GNU C version 4.8.4, GMP version 6.1.0, MPFR version 3.1.4, MPC version 1.0.3, isl version isl-0.18-GMP

GGC heuristics: --param ggc-min-expand=100 --param ggc-min-heapsize=131072
Compiler executable checksum: e9addb35ad3a920a846c18a834db924d
COLLECT_GCC_OPTIONS='-mcpu=cortex-m4' '-mthumb' '-mlittle-endian' '-O0' '-fmessage-length=0' '-fsigned-char' '-ffunction-sections' '-fdata-sections' '-Wall' '-g3' '-D' 'TM4C123GH6PM' '-std=gnu11' '-v' '-MMD' '-MP' '-MF' 'main.d' '-MT' 'main.o' '-c' '-o' 'main.o' '-mfloat-abi=soft' '-march=armv7e-m'
 /home/vksalian/Desktop/Practice_2021/baremetal_tiva_TM4C123GH6PM_IDE/gcc-arm-none-eabi-10-2020-q4-major/bin/../lib/gcc/arm-none-eabi/10.2.1/../../../../arm-none-eabi/bin/as -v -EL -march=armv7e-m -mfloat-abi=soft -meabi=5 -o main.o /tmp/ccpb07pX.s
GNU assembler version 2.35.1 (arm-none-eabi) using BFD version (GNU Arm Embedded Toolchain 10-2020-q4-major) 2.35.1.20201028
COMPILER_PATH=/home/vksalian/Desktop/Practice_2021/baremetal_tiva_TM4C123GH6PM_IDE/gcc-arm-none-eabi-10-2020-q4-major/bin/../lib/gcc/arm-none-eabi/10.2.1/:/home/vksalian/Desktop/Practice_2021/baremetal_tiva_TM4C123GH6PM_IDE/gcc-arm-none-eabi-10-2020-q4-major/bin/../lib/gcc/:/home/vksalian/Desktop/Practice_2021/baremetal_tiva_TM4C123GH6PM_IDE/gcc-arm-none-eabi-10-2020-q4-major/bin/../lib/gcc/arm-none-eabi/10.2.1/../../../../arm-none-eabi/bin/
LIBRARY_PATH=/home/vksalian/Desktop/Practice_2021/baremetal_tiva_TM4C123GH6PM_IDE/gcc-arm-none-eabi-10-2020-q4-major/bin/../lib/gcc/arm-none-eabi/10.2.1/thumb/v7e-m/nofp/:/home/vksalian/Desktop/Practice_2021/baremetal_tiva_TM4C123GH6PM_IDE/gcc-arm-none-eabi-10-2020-q4-major/bin/../lib/gcc/arm-none-eabi/10.2.1/../../../../arm-none-eabi/lib/thumb/v7e-m/nofp/:/home/vksalian/Desktop/Practice_2021/baremetal_tiva_TM4C123GH6PM_IDE/gcc-arm-none-eabi-10-2020-q4-major/bin/../arm-none-eabi/lib/thumb/v7e-m/nofp/:/home/vksalian/Desktop/Practice_2021/baremetal_tiva_TM4C123GH6PM_IDE/gcc-arm-none-eabi-10-2020-q4-major/bin/../lib/gcc/arm-none-eabi/10.2.1/:/home/vksalian/Desktop/Practice_2021/baremetal_tiva_TM4C123GH6PM_IDE/gcc-arm-none-eabi-10-2020-q4-major/bin/../lib/gcc/:/home/vksalian/Desktop/Practice_2021/baremetal_tiva_TM4C123GH6PM_IDE/gcc-arm-none-eabi-10-2020-q4-major/bin/../lib/gcc/arm-none-eabi/10.2.1/../../../../arm-none-eabi/lib/:/home/vksalian/Desktop/Practice_2021/baremetal_tiva_TM4C123GH6PM_IDE/gcc-arm-none-eabi-10-2020-q4-major/bin/../arm-none-eabi/lib/
COLLECT_GCC_OPTIONS='-mcpu=cortex-m4' '-mthumb' '-mlittle-endian' '-O0' '-fmessage-length=0' '-fsigned-char' '-ffunction-sections' '-fdata-sections' '-Wall' '-g3' '-D' 'TM4C123GH6PM' '-std=gnu11' '-v' '-MMD' '-MP' '-MF' 'main.d' '-MT' 'main.o' '-c' '-o' 'main.o' '-mfloat-abi=soft' '-march=armv7e-m'
Finished building: ../main.c
 
Building file: ../startup_TM4C123.c
Invoking: GNU Arm Cross C Compiler
arm-none-eabi-gcc -mcpu=cortex-m4 -mthumb -mlittle-endian -O0 -fmessage-length=0 -fsigned-char -ffunction-sections -fdata-sections -Wall  -g3 -DTM4C123GH6PM -std=gnu11 -v -MMD -MP -MF"startup_TM4C123.d" -MT"startup_TM4C123.o" -c -o "startup_TM4C123.o" "../startup_TM4C123.c"
Using built-in specs.
COLLECT_GCC=arm-none-eabi-gcc
Target: arm-none-eabi
Configured with: /mnt/workspace/workspace/GCC-10-pipeline/jenkins-GCC-10-pipeline-48_20201124_1606180641/src/gcc/configure --target=arm-none-eabi --prefix=/mnt/workspace/workspace/GCC-10-pipeline/jenkins-GCC-10-pipeline-48_20201124_1606180641/install-native --libexecdir=/mnt/workspace/workspace/GCC-10-pipeline/jenkins-GCC-10-pipeline-48_20201124_1606180641/install-native/lib --infodir=/mnt/workspace/workspace/GCC-10-pipeline/jenkins-GCC-10-pipeline-48_20201124_1606180641/install-native/share/doc/gcc-arm-none-eabi/info --mandir=/mnt/workspace/workspace/GCC-10-pipeline/jenkins-GCC-10-pipeline-48_20201124_1606180641/install-native/share/doc/gcc-arm-none-eabi/man --htmldir=/mnt/workspace/workspace/GCC-10-pipeline/jenkins-GCC-10-pipeline-48_20201124_1606180641/install-native/share/doc/gcc-arm-none-eabi/html --pdfdir=/mnt/workspace/workspace/GCC-10-pipeline/jenkins-GCC-10-pipeline-48_20201124_1606180641/install-native/share/doc/gcc-arm-none-eabi/pdf --enable-languages=c,c++ --enable-plugins --disable-decimal-float --disable-libffi --disable-libgomp --disable-libmudflap --disable-libquadmath --disable-libssp --disable-libstdcxx-pch --disable-nls --disable-shared --disable-threads --disable-tls --with-gnu-as --with-gnu-ld --with-newlib --with-headers=yes --with-python-dir=share/gcc-arm-none-eabi --with-sysroot=/mnt/workspace/workspace/GCC-10-pipeline/jenkins-GCC-10-pipeline-48_20201124_1606180641/install-native/arm-none-eabi --build=x86_64-linux-gnu --host=x86_64-linux-gnu --with-gmp=/mnt/workspace/workspace/GCC-10-pipeline/jenkins-GCC-10-pipeline-48_20201124_1606180641/build-native/host-libs/usr --with-mpfr=/mnt/workspace/workspace/GCC-10-pipeline/jenkins-GCC-10-pipeline-48_20201124_1606180641/build-native/host-libs/usr --with-mpc=/mnt/workspace/workspace/GCC-10-pipeline/jenkins-GCC-10-pipeline-48_20201124_1606180641/build-native/host-libs/usr --with-isl=/mnt/workspace/workspace/GCC-10-pipeline/jenkins-GCC-10-pipeline-48_20201124_1606180641/build-native/host-libs/usr --with-libelf=/mnt/workspace/workspace/GCC-10-pipeline/jenkins-GCC-10-pipeline-48_20201124_1606180641/build-native/host-libs/usr --with-host-libstdcxx='-static-libgcc -Wl,-Bstatic,-lstdc++,-Bdynamic -lm' --with-pkgversion='GNU Arm Embedded Toolchain 10-2020-q4-major' --with-multilib-list=rmprofile,aprofile
Thread model: single
Supported LTO compression algorithms: zlib
gcc version 10.2.1 20201103 (release) (GNU Arm Embedded Toolchain 10-2020-q4-major) 
COLLECT_GCC_OPTIONS='-mcpu=cortex-m4' '-mthumb' '-mlittle-endian' '-O0' '-fmessage-length=0' '-fsigned-char' '-ffunction-sections' '-fdata-sections' '-Wall' '-g3' '-D' 'TM4C123GH6PM' '-std=gnu11' '-v' '-MMD' '-MP' '-MF' 'startup_TM4C123.d' '-MT' 'startup_TM4C123.o' '-c' '-o' 'startup_TM4C123.o' '-mfloat-abi=soft' '-march=armv7e-m'
 /home/vksalian/Desktop/Practice_2021/baremetal_tiva_TM4C123GH6PM_IDE/gcc-arm-none-eabi-10-2020-q4-major/bin/../lib/gcc/arm-none-eabi/10.2.1/cc1 -quiet -v -imultilib thumb/v7e-m/nofp -iprefix /home/vksalian/Desktop/Practice_2021/baremetal_tiva_TM4C123GH6PM_IDE/gcc-arm-none-eabi-10-2020-q4-major/bin/../lib/gcc/arm-none-eabi/10.2.1/ -isysroot /home/vksalian/Desktop/Practice_2021/baremetal_tiva_TM4C123GH6PM_IDE/gcc-arm-none-eabi-10-2020-q4-major/bin/../arm-none-eabi -MMD startup_TM4C123.d -MF startup_TM4C123.d -MP -MT startup_TM4C123.o -dD -D__USES_INITFINI__ -D TM4C123GH6PM ../startup_TM4C123.c -quiet -dumpbase startup_TM4C123.c -mcpu=cortex-m4 -mthumb -mlittle-endian -mfloat-abi=soft -march=armv7e-m -auxbase-strip startup_TM4C123.o -g3 -O0 -Wall -std=gnu11 -version -fmessage-length=0 -fsigned-char -ffunction-sections -fdata-sections -o /tmp/ccEWl8U2.s
GNU C11 (GNU Arm Embedded Toolchain 10-2020-q4-major) version 10.2.1 20201103 (release) (arm-none-eabi)
	compiled by GNU C version 4.8.4, GMP version 6.1.0, MPFR version 3.1.4, MPC version 1.0.3, isl version isl-0.18-GMP

GGC heuristics: --param ggc-min-expand=100 --param ggc-min-heapsize=131072
ignoring duplicate directory "/home/vksalian/Desktop/Practice_2021/baremetal_tiva_TM4C123GH6PM_IDE/gcc-arm-none-eabi-10-2020-q4-major/bin/../lib/gcc/../../lib/gcc/arm-none-eabi/10.2.1/include"
ignoring nonexistent directory "/home/vksalian/Desktop/Practice_2021/baremetal_tiva_TM4C123GH6PM_IDE/gcc-arm-none-eabi-10-2020-q4-major/bin/../arm-none-eabi/usr/local/include"
ignoring duplicate directory "/home/vksalian/Desktop/Practice_2021/baremetal_tiva_TM4C123GH6PM_IDE/gcc-arm-none-eabi-10-2020-q4-major/bin/../lib/gcc/../../lib/gcc/arm-none-eabi/10.2.1/include-fixed"
ignoring duplicate directory "/home/vksalian/Desktop/Practice_2021/baremetal_tiva_TM4C123GH6PM_IDE/gcc-arm-none-eabi-10-2020-q4-major/bin/../lib/gcc/../../lib/gcc/arm-none-eabi/10.2.1/../../../../arm-none-eabi/include"
ignoring nonexistent directory "/home/vksalian/Desktop/Practice_2021/baremetal_tiva_TM4C123GH6PM_IDE/gcc-arm-none-eabi-10-2020-q4-major/bin/../arm-none-eabi/usr/include"
#include "..." search starts here:
#include <...> search starts here:
 /home/vksalian/Desktop/Practice_2021/baremetal_tiva_TM4C123GH6PM_IDE/gcc-arm-none-eabi-10-2020-q4-major/bin/../lib/gcc/arm-none-eabi/10.2.1/include
 /home/vksalian/Desktop/Practice_2021/baremetal_tiva_TM4C123GH6PM_IDE/gcc-arm-none-eabi-10-2020-q4-major/bin/../lib/gcc/arm-none-eabi/10.2.1/include-fixed
 /home/vksalian/Desktop/Practice_2021/baremetal_tiva_TM4C123GH6PM_IDE/gcc-arm-none-eabi-10-2020-q4-major/bin/../lib/gcc/arm-none-eabi/10.2.1/../../../../arm-none-eabi/include
End of search list.
GNU C11 (GNU Arm Embedded Toolchain 10-2020-q4-major) version 10.2.1 20201103 (release) (arm-none-eabi)
	compiled by GNU C version 4.8.4, GMP version 6.1.0, MPFR version 3.1.4, MPC version 1.0.3, isl version isl-0.18-GMP

GGC heuristics: --param ggc-min-expand=100 --param ggc-min-heapsize=131072
Compiler executable checksum: e9addb35ad3a920a846c18a834db924d
COLLECT_GCC_OPTIONS='-mcpu=cortex-m4' '-mthumb' '-mlittle-endian' '-O0' '-fmessage-length=0' '-fsigned-char' '-ffunction-sections' '-fdata-sections' '-Wall' '-g3' '-D' 'TM4C123GH6PM' '-std=gnu11' '-v' '-MMD' '-MP' '-MF' 'startup_TM4C123.d' '-MT' 'startup_TM4C123.o' '-c' '-o' 'startup_TM4C123.o' '-mfloat-abi=soft' '-march=armv7e-m'
 /home/vksalian/Desktop/Practice_2021/baremetal_tiva_TM4C123GH6PM_IDE/gcc-arm-none-eabi-10-2020-q4-major/bin/../lib/gcc/arm-none-eabi/10.2.1/../../../../arm-none-eabi/bin/as -v -EL -march=armv7e-m -mfloat-abi=soft -meabi=5 -o startup_TM4C123.o /tmp/ccEWl8U2.s
GNU assembler version 2.35.1 (arm-none-eabi) using BFD version (GNU Arm Embedded Toolchain 10-2020-q4-major) 2.35.1.20201028
COMPILER_PATH=/home/vksalian/Desktop/Practice_2021/baremetal_tiva_TM4C123GH6PM_IDE/gcc-arm-none-eabi-10-2020-q4-major/bin/../lib/gcc/arm-none-eabi/10.2.1/:/home/vksalian/Desktop/Practice_2021/baremetal_tiva_TM4C123GH6PM_IDE/gcc-arm-none-eabi-10-2020-q4-major/bin/../lib/gcc/:/home/vksalian/Desktop/Practice_2021/baremetal_tiva_TM4C123GH6PM_IDE/gcc-arm-none-eabi-10-2020-q4-major/bin/../lib/gcc/arm-none-eabi/10.2.1/../../../../arm-none-eabi/bin/
LIBRARY_PATH=/home/vksalian/Desktop/Practice_2021/baremetal_tiva_TM4C123GH6PM_IDE/gcc-arm-none-eabi-10-2020-q4-major/bin/../lib/gcc/arm-none-eabi/10.2.1/thumb/v7e-m/nofp/:/home/vksalian/Desktop/Practice_2021/baremetal_tiva_TM4C123GH6PM_IDE/gcc-arm-none-eabi-10-2020-q4-major/bin/../lib/gcc/arm-none-eabi/10.2.1/../../../../arm-none-eabi/lib/thumb/v7e-m/nofp/:/home/vksalian/Desktop/Practice_2021/baremetal_tiva_TM4C123GH6PM_IDE/gcc-arm-none-eabi-10-2020-q4-major/bin/../arm-none-eabi/lib/thumb/v7e-m/nofp/:/home/vksalian/Desktop/Practice_2021/baremetal_tiva_TM4C123GH6PM_IDE/gcc-arm-none-eabi-10-2020-q4-major/bin/../lib/gcc/arm-none-eabi/10.2.1/:/home/vksalian/Desktop/Practice_2021/baremetal_tiva_TM4C123GH6PM_IDE/gcc-arm-none-eabi-10-2020-q4-major/bin/../lib/gcc/:/home/vksalian/Desktop/Practice_2021/baremetal_tiva_TM4C123GH6PM_IDE/gcc-arm-none-eabi-10-2020-q4-major/bin/../lib/gcc/arm-none-eabi/10.2.1/../../../../arm-none-eabi/lib/:/home/vksalian/Desktop/Practice_2021/baremetal_tiva_TM4C123GH6PM_IDE/gcc-arm-none-eabi-10-2020-q4-major/bin/../arm-none-eabi/lib/
COLLECT_GCC_OPTIONS='-mcpu=cortex-m4' '-mthumb' '-mlittle-endian' '-O0' '-fmessage-length=0' '-fsigned-char' '-ffunction-sections' '-fdata-sections' '-Wall' '-g3' '-D' 'TM4C123GH6PM' '-std=gnu11' '-v' '-MMD' '-MP' '-MF' 'startup_TM4C123.d' '-MT' 'startup_TM4C123.o' '-c' '-o' 'startup_TM4C123.o' '-mfloat-abi=soft' '-march=armv7e-m'
Finished building: ../startup_TM4C123.c
 
Building file: ../system_TM4C123.c
Invoking: GNU Arm Cross C Compiler
arm-none-eabi-gcc -mcpu=cortex-m4 -mthumb -mlittle-endian -O0 -fmessage-length=0 -fsigned-char -ffunction-sections -fdata-sections -Wall  -g3 -DTM4C123GH6PM -std=gnu11 -v -MMD -MP -MF"system_TM4C123.d" -MT"system_TM4C123.o" -c -o "system_TM4C123.o" "../system_TM4C123.c"
Using built-in specs.
COLLECT_GCC=arm-none-eabi-gcc
Target: arm-none-eabi
Configured with: /mnt/workspace/workspace/GCC-10-pipeline/jenkins-GCC-10-pipeline-48_20201124_1606180641/src/gcc/configure --target=arm-none-eabi --prefix=/mnt/workspace/workspace/GCC-10-pipeline/jenkins-GCC-10-pipeline-48_20201124_1606180641/install-native --libexecdir=/mnt/workspace/workspace/GCC-10-pipeline/jenkins-GCC-10-pipeline-48_20201124_1606180641/install-native/lib --infodir=/mnt/workspace/workspace/GCC-10-pipeline/jenkins-GCC-10-pipeline-48_20201124_1606180641/install-native/share/doc/gcc-arm-none-eabi/info --mandir=/mnt/workspace/workspace/GCC-10-pipeline/jenkins-GCC-10-pipeline-48_20201124_1606180641/install-native/share/doc/gcc-arm-none-eabi/man --htmldir=/mnt/workspace/workspace/GCC-10-pipeline/jenkins-GCC-10-pipeline-48_20201124_1606180641/install-native/share/doc/gcc-arm-none-eabi/html --pdfdir=/mnt/workspace/workspace/GCC-10-pipeline/jenkins-GCC-10-pipeline-48_20201124_1606180641/install-native/share/doc/gcc-arm-none-eabi/pdf --enable-languages=c,c++ --enable-plugins --disable-decimal-float --disable-libffi --disable-libgomp --disable-libmudflap --disable-libquadmath --disable-libssp --disable-libstdcxx-pch --disable-nls --disable-shared --disable-threads --disable-tls --with-gnu-as --with-gnu-ld --with-newlib --with-headers=yes --with-python-dir=share/gcc-arm-none-eabi --with-sysroot=/mnt/workspace/workspace/GCC-10-pipeline/jenkins-GCC-10-pipeline-48_20201124_1606180641/install-native/arm-none-eabi --build=x86_64-linux-gnu --host=x86_64-linux-gnu --with-gmp=/mnt/workspace/workspace/GCC-10-pipeline/jenkins-GCC-10-pipeline-48_20201124_1606180641/build-native/host-libs/usr --with-mpfr=/mnt/workspace/workspace/GCC-10-pipeline/jenkins-GCC-10-pipeline-48_20201124_1606180641/build-native/host-libs/usr --with-mpc=/mnt/workspace/workspace/GCC-10-pipeline/jenkins-GCC-10-pipeline-48_20201124_1606180641/build-native/host-libs/usr --with-isl=/mnt/workspace/workspace/GCC-10-pipeline/jenkins-GCC-10-pipeline-48_20201124_1606180641/build-native/host-libs/usr --with-libelf=/mnt/workspace/workspace/GCC-10-pipeline/jenkins-GCC-10-pipeline-48_20201124_1606180641/build-native/host-libs/usr --with-host-libstdcxx='-static-libgcc -Wl,-Bstatic,-lstdc++,-Bdynamic -lm' --with-pkgversion='GNU Arm Embedded Toolchain 10-2020-q4-major' --with-multilib-list=rmprofile,aprofile
Thread model: single
Supported LTO compression algorithms: zlib
gcc version 10.2.1 20201103 (release) (GNU Arm Embedded Toolchain 10-2020-q4-major) 
COLLECT_GCC_OPTIONS='-mcpu=cortex-m4' '-mthumb' '-mlittle-endian' '-O0' '-fmessage-length=0' '-fsigned-char' '-ffunction-sections' '-fdata-sections' '-Wall' '-g3' '-D' 'TM4C123GH6PM' '-std=gnu11' '-v' '-MMD' '-MP' '-MF' 'system_TM4C123.d' '-MT' 'system_TM4C123.o' '-c' '-o' 'system_TM4C123.o' '-mfloat-abi=soft' '-march=armv7e-m'
 /home/vksalian/Desktop/Practice_2021/baremetal_tiva_TM4C123GH6PM_IDE/gcc-arm-none-eabi-10-2020-q4-major/bin/../lib/gcc/arm-none-eabi/10.2.1/cc1 -quiet -v -imultilib thumb/v7e-m/nofp -iprefix /home/vksalian/Desktop/Practice_2021/baremetal_tiva_TM4C123GH6PM_IDE/gcc-arm-none-eabi-10-2020-q4-major/bin/../lib/gcc/arm-none-eabi/10.2.1/ -isysroot /home/vksalian/Desktop/Practice_2021/baremetal_tiva_TM4C123GH6PM_IDE/gcc-arm-none-eabi-10-2020-q4-major/bin/../arm-none-eabi -MMD system_TM4C123.d -MF system_TM4C123.d -MP -MT system_TM4C123.o -dD -D__USES_INITFINI__ -D TM4C123GH6PM ../system_TM4C123.c -quiet -dumpbase system_TM4C123.c -mcpu=cortex-m4 -mthumb -mlittle-endian -mfloat-abi=soft -march=armv7e-m -auxbase-strip system_TM4C123.o -g3 -O0 -Wall -std=gnu11 -version -fmessage-length=0 -fsigned-char -ffunction-sections -fdata-sections -o /tmp/ccHV6jk6.s
GNU C11 (GNU Arm Embedded Toolchain 10-2020-q4-major) version 10.2.1 20201103 (release) (arm-none-eabi)
	compiled by GNU C version 4.8.4, GMP version 6.1.0, MPFR version 3.1.4, MPC version 1.0.3, isl version isl-0.18-GMP

GGC heuristics: --param ggc-min-expand=100 --param ggc-min-heapsize=131072
ignoring duplicate directory "/home/vksalian/Desktop/Practice_2021/baremetal_tiva_TM4C123GH6PM_IDE/gcc-arm-none-eabi-10-2020-q4-major/bin/../lib/gcc/../../lib/gcc/arm-none-eabi/10.2.1/include"
ignoring nonexistent directory "/home/vksalian/Desktop/Practice_2021/baremetal_tiva_TM4C123GH6PM_IDE/gcc-arm-none-eabi-10-2020-q4-major/bin/../arm-none-eabi/usr/local/include"
ignoring duplicate directory "/home/vksalian/Desktop/Practice_2021/baremetal_tiva_TM4C123GH6PM_IDE/gcc-arm-none-eabi-10-2020-q4-major/bin/../lib/gcc/../../lib/gcc/arm-none-eabi/10.2.1/include-fixed"
ignoring duplicate directory "/home/vksalian/Desktop/Practice_2021/baremetal_tiva_TM4C123GH6PM_IDE/gcc-arm-none-eabi-10-2020-q4-major/bin/../lib/gcc/../../lib/gcc/arm-none-eabi/10.2.1/../../../../arm-none-eabi/include"
ignoring nonexistent directory "/home/vksalian/Desktop/Practice_2021/baremetal_tiva_TM4C123GH6PM_IDE/gcc-arm-none-eabi-10-2020-q4-major/bin/../arm-none-eabi/usr/include"
#include "..." search starts here:
#include <...> search starts here:
 /home/vksalian/Desktop/Practice_2021/baremetal_tiva_TM4C123GH6PM_IDE/gcc-arm-none-eabi-10-2020-q4-major/bin/../lib/gcc/arm-none-eabi/10.2.1/include
 /home/vksalian/Desktop/Practice_2021/baremetal_tiva_TM4C123GH6PM_IDE/gcc-arm-none-eabi-10-2020-q4-major/bin/../lib/gcc/arm-none-eabi/10.2.1/include-fixed
 /home/vksalian/Desktop/Practice_2021/baremetal_tiva_TM4C123GH6PM_IDE/gcc-arm-none-eabi-10-2020-q4-major/bin/../lib/gcc/arm-none-eabi/10.2.1/../../../../arm-none-eabi/include
End of search list.
GNU C11 (GNU Arm Embedded Toolchain 10-2020-q4-major) version 10.2.1 20201103 (release) (arm-none-eabi)
	compiled by GNU C version 4.8.4, GMP version 6.1.0, MPFR version 3.1.4, MPC version 1.0.3, isl version isl-0.18-GMP

GGC heuristics: --param ggc-min-expand=100 --param ggc-min-heapsize=131072
Compiler executable checksum: e9addb35ad3a920a846c18a834db924d
COLLECT_GCC_OPTIONS='-mcpu=cortex-m4' '-mthumb' '-mlittle-endian' '-O0' '-fmessage-length=0' '-fsigned-char' '-ffunction-sections' '-fdata-sections' '-Wall' '-g3' '-D' 'TM4C123GH6PM' '-std=gnu11' '-v' '-MMD' '-MP' '-MF' 'system_TM4C123.d' '-MT' 'system_TM4C123.o' '-c' '-o' 'system_TM4C123.o' '-mfloat-abi=soft' '-march=armv7e-m'
 /home/vksalian/Desktop/Practice_2021/baremetal_tiva_TM4C123GH6PM_IDE/gcc-arm-none-eabi-10-2020-q4-major/bin/../lib/gcc/arm-none-eabi/10.2.1/../../../../arm-none-eabi/bin/as -v -EL -march=armv7e-m -mfloat-abi=soft -meabi=5 -o system_TM4C123.o /tmp/ccHV6jk6.s
GNU assembler version 2.35.1 (arm-none-eabi) using BFD version (GNU Arm Embedded Toolchain 10-2020-q4-major) 2.35.1.20201028
COMPILER_PATH=/home/vksalian/Desktop/Practice_2021/baremetal_tiva_TM4C123GH6PM_IDE/gcc-arm-none-eabi-10-2020-q4-major/bin/../lib/gcc/arm-none-eabi/10.2.1/:/home/vksalian/Desktop/Practice_2021/baremetal_tiva_TM4C123GH6PM_IDE/gcc-arm-none-eabi-10-2020-q4-major/bin/../lib/gcc/:/home/vksalian/Desktop/Practice_2021/baremetal_tiva_TM4C123GH6PM_IDE/gcc-arm-none-eabi-10-2020-q4-major/bin/../lib/gcc/arm-none-eabi/10.2.1/../../../../arm-none-eabi/bin/
LIBRARY_PATH=/home/vksalian/Desktop/Practice_2021/baremetal_tiva_TM4C123GH6PM_IDE/gcc-arm-none-eabi-10-2020-q4-major/bin/../lib/gcc/arm-none-eabi/10.2.1/thumb/v7e-m/nofp/:/home/vksalian/Desktop/Practice_2021/baremetal_tiva_TM4C123GH6PM_IDE/gcc-arm-none-eabi-10-2020-q4-major/bin/../lib/gcc/arm-none-eabi/10.2.1/../../../../arm-none-eabi/lib/thumb/v7e-m/nofp/:/home/vksalian/Desktop/Practice_2021/baremetal_tiva_TM4C123GH6PM_IDE/gcc-arm-none-eabi-10-2020-q4-major/bin/../arm-none-eabi/lib/thumb/v7e-m/nofp/:/home/vksalian/Desktop/Practice_2021/baremetal_tiva_TM4C123GH6PM_IDE/gcc-arm-none-eabi-10-2020-q4-major/bin/../lib/gcc/arm-none-eabi/10.2.1/:/home/vksalian/Desktop/Practice_2021/baremetal_tiva_TM4C123GH6PM_IDE/gcc-arm-none-eabi-10-2020-q4-major/bin/../lib/gcc/:/home/vksalian/Desktop/Practice_2021/baremetal_tiva_TM4C123GH6PM_IDE/gcc-arm-none-eabi-10-2020-q4-major/bin/../lib/gcc/arm-none-eabi/10.2.1/../../../../arm-none-eabi/lib/:/home/vksalian/Desktop/Practice_2021/baremetal_tiva_TM4C123GH6PM_IDE/gcc-arm-none-eabi-10-2020-q4-major/bin/../arm-none-eabi/lib/
COLLECT_GCC_OPTIONS='-mcpu=cortex-m4' '-mthumb' '-mlittle-endian' '-O0' '-fmessage-length=0' '-fsigned-char' '-ffunction-sections' '-fdata-sections' '-Wall' '-g3' '-D' 'TM4C123GH6PM' '-std=gnu11' '-v' '-MMD' '-MP' '-MF' 'system_TM4C123.d' '-MT' 'system_TM4C123.o' '-c' '-o' 'system_TM4C123.o' '-mfloat-abi=soft' '-march=armv7e-m'
Finished building: ../system_TM4C123.c
 
Building target: tiva.elf
Invoking: GNU Arm Cross C Linker
arm-none-eabi-gcc -mcpu=cortex-m4 -mthumb -mlittle-endian -O0 -fmessage-length=0 -fsigned-char -ffunction-sections -fdata-sections -Wall  -g3 -T "/home/vksalian/Desktop/Practice_2021/baremetal_tiva_TM4C123GH6PM_IDE/eclipse_workspace/tiva/tm4c123gh6pm.ld" -nostdlib -Wl,-Map,"tiva.map" -o "tiva.elf"  ./bsp.o ./led.o ./main.o ./startup_TM4C123.o ./system_TM4C123.o   
Finished building target: tiva.elf
 
Invoking: GNU Arm Cross Create Flash Image
arm-none-eabi-objcopy -O ihex "tiva.elf"  "tiva.hex"
Finished building: tiva.hex
 
Invoking: GNU Arm Cross Print Size
arm-none-eabi-size --format=berkeley "tiva.elf"
   text	   data	    bss	    dec	    hex	filename
   2680	      8	      0	   2688	    a80	tiva.elf
Finished building: tiva.siz
 
13:30:37 **** Incremental Build of configuration Debug for project tiva ****
make all 
Invoking: GNU Arm Cross Print Size
arm-none-eabi-size --format=berkeley "tiva.elf"
   text	   data	    bss	    dec	    hex	filename
   2680	      8	      0	   2688	    a80	tiva.elf
Finished building: tiva.siz
 
15:30:52 **** Incremental Build of configuration Debug for project tiva ****
make all 
Invoking: GNU Arm Cross Print Size
arm-none-eabi-size --format=berkeley "tiva.elf"
   text	   data	    bss	    dec	    hex	filename
   2680	      8	      0	   2688	    a80	tiva.elf
Finished building: tiva.siz
 
15:31:04 **** Incremental Build of configuration Debug for project tiva ****
make all 
Invoking: GNU Arm Cross Print Size
arm-none-eabi-size --format=berkeley "tiva.elf"
   text	   data	    bss	    dec	    hex	filename
   2680	      8	      0	   2688	    a80	tiva.elf
Finished building: tiva.siz
 
15:40:48 **** Incremental Build of configuration Debug for project tiva ****
make all 
Invoking: GNU Arm Cross Print Size
arm-none-eabi-size --format=berkeley "tiva.elf"
   text	   data	    bss	    dec	    hex	filename
   2680	      8	      0	   2688	    a80	tiva.elf
Finished building: tiva.siz
 
16:31:39 **** Incremental Build of configuration Debug for project tiva ****
make all 
Building file: ../bsp.c
Invoking: GNU Arm Cross C Compiler
arm-none-eabi-gcc -mcpu=cortex-m4 -mthumb -mlittle-endian -O0 -fmessage-length=0 -fsigned-char -ffunction-sections -fdata-sections -Wall  -g3 -DTM4C123GH6PM -std=gnu11 -v -MMD -MP -MF"bsp.d" -MT"bsp.o" -c -o "bsp.o" "../bsp.c"
Using built-in specs.
COLLECT_GCC=arm-none-eabi-gcc
Target: arm-none-eabi
Configured with: /mnt/workspace/workspace/GCC-10-pipeline/jenkins-GCC-10-pipeline-48_20201124_1606180641/src/gcc/configure --target=arm-none-eabi --prefix=/mnt/workspace/workspace/GCC-10-pipeline/jenkins-GCC-10-pipeline-48_20201124_1606180641/install-native --libexecdir=/mnt/workspace/workspace/GCC-10-pipeline/jenkins-GCC-10-pipeline-48_20201124_1606180641/install-native/lib --infodir=/mnt/workspace/workspace/GCC-10-pipeline/jenkins-GCC-10-pipeline-48_20201124_1606180641/install-native/share/doc/gcc-arm-none-eabi/info --mandir=/mnt/workspace/workspace/GCC-10-pipeline/jenkins-GCC-10-pipeline-48_20201124_1606180641/install-native/share/doc/gcc-arm-none-eabi/man --htmldir=/mnt/workspace/workspace/GCC-10-pipeline/jenkins-GCC-10-pipeline-48_20201124_1606180641/install-native/share/doc/gcc-arm-none-eabi/html --pdfdir=/mnt/workspace/workspace/GCC-10-pipeline/jenkins-GCC-10-pipeline-48_20201124_1606180641/install-native/share/doc/gcc-arm-none-eabi/pdf --enable-languages=c,c++ --enable-plugins --disable-decimal-float --disable-libffi --disable-libgomp --disable-libmudflap --disable-libquadmath --disable-libssp --disable-libstdcxx-pch --disable-nls --disable-shared --disable-threads --disable-tls --with-gnu-as --with-gnu-ld --with-newlib --with-headers=yes --with-python-dir=share/gcc-arm-none-eabi --with-sysroot=/mnt/workspace/workspace/GCC-10-pipeline/jenkins-GCC-10-pipeline-48_20201124_1606180641/install-native/arm-none-eabi --build=x86_64-linux-gnu --host=x86_64-linux-gnu --with-gmp=/mnt/workspace/workspace/GCC-10-pipeline/jenkins-GCC-10-pipeline-48_20201124_1606180641/build-native/host-libs/usr --with-mpfr=/mnt/workspace/workspace/GCC-10-pipeline/jenkins-GCC-10-pipeline-48_20201124_1606180641/build-native/host-libs/usr --with-mpc=/mnt/workspace/workspace/GCC-10-pipeline/jenkins-GCC-10-pipeline-48_20201124_1606180641/build-native/host-libs/usr --with-isl=/mnt/workspace/workspace/GCC-10-pipeline/jenkins-GCC-10-pipeline-48_20201124_1606180641/build-native/host-libs/usr --with-libelf=/mnt/workspace/workspace/GCC-10-pipeline/jenkins-GCC-10-pipeline-48_20201124_1606180641/build-native/host-libs/usr --with-host-libstdcxx='-static-libgcc -Wl,-Bstatic,-lstdc++,-Bdynamic -lm' --with-pkgversion='GNU Arm Embedded Toolchain 10-2020-q4-major' --with-multilib-list=rmprofile,aprofile
Thread model: single
Supported LTO compression algorithms: zlib
gcc version 10.2.1 20201103 (release) (GNU Arm Embedded Toolchain 10-2020-q4-major) 
COLLECT_GCC_OPTIONS='-mcpu=cortex-m4' '-mthumb' '-mlittle-endian' '-O0' '-fmessage-length=0' '-fsigned-char' '-ffunction-sections' '-fdata-sections' '-Wall' '-g3' '-D' 'TM4C123GH6PM' '-std=gnu11' '-v' '-MMD' '-MP' '-MF' 'bsp.d' '-MT' 'bsp.o' '-c' '-o' 'bsp.o' '-mfloat-abi=soft' '-march=armv7e-m'
 /home/vksalian/Desktop/Practice_2021/baremetal_tiva_TM4C123GH6PM_IDE/gcc-arm-none-eabi-10-2020-q4-major/bin/../lib/gcc/arm-none-eabi/10.2.1/cc1 -quiet -v -imultilib thumb/v7e-m/nofp -iprefix /home/vksalian/Desktop/Practice_2021/baremetal_tiva_TM4C123GH6PM_IDE/gcc-arm-none-eabi-10-2020-q4-major/bin/../lib/gcc/arm-none-eabi/10.2.1/ -isysroot /home/vksalian/Desktop/Practice_2021/baremetal_tiva_TM4C123GH6PM_IDE/gcc-arm-none-eabi-10-2020-q4-major/bin/../arm-none-eabi -MMD bsp.d -MF bsp.d -MP -MT bsp.o -dD -D__USES_INITFINI__ -D TM4C123GH6PM ../bsp.c -quiet -dumpbase bsp.c -mcpu=cortex-m4 -mthumb -mlittle-endian -mfloat-abi=soft -march=armv7e-m -auxbase-strip bsp.o -g3 -O0 -Wall -std=gnu11 -version -fmessage-length=0 -fsigned-char -ffunction-sections -fdata-sections -o /tmp/cc1B9P70.s
GNU C11 (GNU Arm Embedded Toolchain 10-2020-q4-major) version 10.2.1 20201103 (release) (arm-none-eabi)
	compiled by GNU C version 4.8.4, GMP version 6.1.0, MPFR version 3.1.4, MPC version 1.0.3, isl version isl-0.18-GMP

GGC heuristics: --param ggc-min-expand=100 --param ggc-min-heapsize=131072
ignoring duplicate directory "/home/vksalian/Desktop/Practice_2021/baremetal_tiva_TM4C123GH6PM_IDE/gcc-arm-none-eabi-10-2020-q4-major/bin/../lib/gcc/../../lib/gcc/arm-none-eabi/10.2.1/include"
ignoring nonexistent directory "/home/vksalian/Desktop/Practice_2021/baremetal_tiva_TM4C123GH6PM_IDE/gcc-arm-none-eabi-10-2020-q4-major/bin/../arm-none-eabi/usr/local/include"
ignoring duplicate directory "/home/vksalian/Desktop/Practice_2021/baremetal_tiva_TM4C123GH6PM_IDE/gcc-arm-none-eabi-10-2020-q4-major/bin/../lib/gcc/../../lib/gcc/arm-none-eabi/10.2.1/include-fixed"
ignoring duplicate directory "/home/vksalian/Desktop/Practice_2021/baremetal_tiva_TM4C123GH6PM_IDE/gcc-arm-none-eabi-10-2020-q4-major/bin/../lib/gcc/../../lib/gcc/arm-none-eabi/10.2.1/../../../../arm-none-eabi/include"
ignoring nonexistent directory "/home/vksalian/Desktop/Practice_2021/baremetal_tiva_TM4C123GH6PM_IDE/gcc-arm-none-eabi-10-2020-q4-major/bin/../arm-none-eabi/usr/include"
#include "..." search starts here:
#include <...> search starts here:
 /home/vksalian/Desktop/Practice_2021/baremetal_tiva_TM4C123GH6PM_IDE/gcc-arm-none-eabi-10-2020-q4-major/bin/../lib/gcc/arm-none-eabi/10.2.1/include
 /home/vksalian/Desktop/Practice_2021/baremetal_tiva_TM4C123GH6PM_IDE/gcc-arm-none-eabi-10-2020-q4-major/bin/../lib/gcc/arm-none-eabi/10.2.1/include-fixed
 /home/vksalian/Desktop/Practice_2021/baremetal_tiva_TM4C123GH6PM_IDE/gcc-arm-none-eabi-10-2020-q4-major/bin/../lib/gcc/arm-none-eabi/10.2.1/../../../../arm-none-eabi/include
End of search list.
GNU C11 (GNU Arm Embedded Toolchain 10-2020-q4-major) version 10.2.1 20201103 (release) (arm-none-eabi)
	compiled by GNU C version 4.8.4, GMP version 6.1.0, MPFR version 3.1.4, MPC version 1.0.3, isl version isl-0.18-GMP

GGC heuristics: --param ggc-min-expand=100 --param ggc-min-heapsize=131072
Compiler executable checksum: e9addb35ad3a920a846c18a834db924d
COLLECT_GCC_OPTIONS='-mcpu=cortex-m4' '-mthumb' '-mlittle-endian' '-O0' '-fmessage-length=0' '-fsigned-char' '-ffunction-sections' '-fdata-sections' '-Wall' '-g3' '-D' 'TM4C123GH6PM' '-std=gnu11' '-v' '-MMD' '-MP' '-MF' 'bsp.d' '-MT' 'bsp.o' '-c' '-o' 'bsp.o' '-mfloat-abi=soft' '-march=armv7e-m'
 /home/vksalian/Desktop/Practice_2021/baremetal_tiva_TM4C123GH6PM_IDE/gcc-arm-none-eabi-10-2020-q4-major/bin/../lib/gcc/arm-none-eabi/10.2.1/../../../../arm-none-eabi/bin/as -v -EL -march=armv7e-m -mfloat-abi=soft -meabi=5 -o bsp.o /tmp/cc1B9P70.s
GNU assembler version 2.35.1 (arm-none-eabi) using BFD version (GNU Arm Embedded Toolchain 10-2020-q4-major) 2.35.1.20201028
COMPILER_PATH=/home/vksalian/Desktop/Practice_2021/baremetal_tiva_TM4C123GH6PM_IDE/gcc-arm-none-eabi-10-2020-q4-major/bin/../lib/gcc/arm-none-eabi/10.2.1/:/home/vksalian/Desktop/Practice_2021/baremetal_tiva_TM4C123GH6PM_IDE/gcc-arm-none-eabi-10-2020-q4-major/bin/../lib/gcc/:/home/vksalian/Desktop/Practice_2021/baremetal_tiva_TM4C123GH6PM_IDE/gcc-arm-none-eabi-10-2020-q4-major/bin/../lib/gcc/arm-none-eabi/10.2.1/../../../../arm-none-eabi/bin/
LIBRARY_PATH=/home/vksalian/Desktop/Practice_2021/baremetal_tiva_TM4C123GH6PM_IDE/gcc-arm-none-eabi-10-2020-q4-major/bin/../lib/gcc/arm-none-eabi/10.2.1/thumb/v7e-m/nofp/:/home/vksalian/Desktop/Practice_2021/baremetal_tiva_TM4C123GH6PM_IDE/gcc-arm-none-eabi-10-2020-q4-major/bin/../lib/gcc/arm-none-eabi/10.2.1/../../../../arm-none-eabi/lib/thumb/v7e-m/nofp/:/home/vksalian/Desktop/Practice_2021/baremetal_tiva_TM4C123GH6PM_IDE/gcc-arm-none-eabi-10-2020-q4-major/bin/../arm-none-eabi/lib/thumb/v7e-m/nofp/:/home/vksalian/Desktop/Practice_2021/baremetal_tiva_TM4C123GH6PM_IDE/gcc-arm-none-eabi-10-2020-q4-major/bin/../lib/gcc/arm-none-eabi/10.2.1/:/home/vksalian/Desktop/Practice_2021/baremetal_tiva_TM4C123GH6PM_IDE/gcc-arm-none-eabi-10-2020-q4-major/bin/../lib/gcc/:/home/vksalian/Desktop/Practice_2021/baremetal_tiva_TM4C123GH6PM_IDE/gcc-arm-none-eabi-10-2020-q4-major/bin/../lib/gcc/arm-none-eabi/10.2.1/../../../../arm-none-eabi/lib/:/home/vksalian/Desktop/Practice_2021/baremetal_tiva_TM4C123GH6PM_IDE/gcc-arm-none-eabi-10-2020-q4-major/bin/../arm-none-eabi/lib/
COLLECT_GCC_OPTIONS='-mcpu=cortex-m4' '-mthumb' '-mlittle-endian' '-O0' '-fmessage-length=0' '-fsigned-char' '-ffunction-sections' '-fdata-sections' '-Wall' '-g3' '-D' 'TM4C123GH6PM' '-std=gnu11' '-v' '-MMD' '-MP' '-MF' 'bsp.d' '-MT' 'bsp.o' '-c' '-o' 'bsp.o' '-mfloat-abi=soft' '-march=armv7e-m'
Finished building: ../bsp.c
 
Building file: ../led.c
Invoking: GNU Arm Cross C Compiler
arm-none-eabi-gcc -mcpu=cortex-m4 -mthumb -mlittle-endian -O0 -fmessage-length=0 -fsigned-char -ffunction-sections -fdata-sections -Wall  -g3 -DTM4C123GH6PM -std=gnu11 -v -MMD -MP -MF"led.d" -MT"led.o" -c -o "led.o" "../led.c"
Using built-in specs.
COLLECT_GCC=arm-none-eabi-gcc
Target: arm-none-eabi
Configured with: /mnt/workspace/workspace/GCC-10-pipeline/jenkins-GCC-10-pipeline-48_20201124_1606180641/src/gcc/configure --target=arm-none-eabi --prefix=/mnt/workspace/workspace/GCC-10-pipeline/jenkins-GCC-10-pipeline-48_20201124_1606180641/install-native --libexecdir=/mnt/workspace/workspace/GCC-10-pipeline/jenkins-GCC-10-pipeline-48_20201124_1606180641/install-native/lib --infodir=/mnt/workspace/workspace/GCC-10-pipeline/jenkins-GCC-10-pipeline-48_20201124_1606180641/install-native/share/doc/gcc-arm-none-eabi/info --mandir=/mnt/workspace/workspace/GCC-10-pipeline/jenkins-GCC-10-pipeline-48_20201124_1606180641/install-native/share/doc/gcc-arm-none-eabi/man --htmldir=/mnt/workspace/workspace/GCC-10-pipeline/jenkins-GCC-10-pipeline-48_20201124_1606180641/install-native/share/doc/gcc-arm-none-eabi/html --pdfdir=/mnt/workspace/workspace/GCC-10-pipeline/jenkins-GCC-10-pipeline-48_20201124_1606180641/install-native/share/doc/gcc-arm-none-eabi/pdf --enable-languages=c,c++ --enable-plugins --disable-decimal-float --disable-libffi --disable-libgomp --disable-libmudflap --disable-libquadmath --disable-libssp --disable-libstdcxx-pch --disable-nls --disable-shared --disable-threads --disable-tls --with-gnu-as --with-gnu-ld --with-newlib --with-headers=yes --with-python-dir=share/gcc-arm-none-eabi --with-sysroot=/mnt/workspace/workspace/GCC-10-pipeline/jenkins-GCC-10-pipeline-48_20201124_1606180641/install-native/arm-none-eabi --build=x86_64-linux-gnu --host=x86_64-linux-gnu --with-gmp=/mnt/workspace/workspace/GCC-10-pipeline/jenkins-GCC-10-pipeline-48_20201124_1606180641/build-native/host-libs/usr --with-mpfr=/mnt/workspace/workspace/GCC-10-pipeline/jenkins-GCC-10-pipeline-48_20201124_1606180641/build-native/host-libs/usr --with-mpc=/mnt/workspace/workspace/GCC-10-pipeline/jenkins-GCC-10-pipeline-48_20201124_1606180641/build-native/host-libs/usr --with-isl=/mnt/workspace/workspace/GCC-10-pipeline/jenkins-GCC-10-pipeline-48_20201124_1606180641/build-native/host-libs/usr --with-libelf=/mnt/workspace/workspace/GCC-10-pipeline/jenkins-GCC-10-pipeline-48_20201124_1606180641/build-native/host-libs/usr --with-host-libstdcxx='-static-libgcc -Wl,-Bstatic,-lstdc++,-Bdynamic -lm' --with-pkgversion='GNU Arm Embedded Toolchain 10-2020-q4-major' --with-multilib-list=rmprofile,aprofile
Thread model: single
Supported LTO compression algorithms: zlib
gcc version 10.2.1 20201103 (release) (GNU Arm Embedded Toolchain 10-2020-q4-major) 
COLLECT_GCC_OPTIONS='-mcpu=cortex-m4' '-mthumb' '-mlittle-endian' '-O0' '-fmessage-length=0' '-fsigned-char' '-ffunction-sections' '-fdata-sections' '-Wall' '-g3' '-D' 'TM4C123GH6PM' '-std=gnu11' '-v' '-MMD' '-MP' '-MF' 'led.d' '-MT' 'led.o' '-c' '-o' 'led.o' '-mfloat-abi=soft' '-march=armv7e-m'
 /home/vksalian/Desktop/Practice_2021/baremetal_tiva_TM4C123GH6PM_IDE/gcc-arm-none-eabi-10-2020-q4-major/bin/../lib/gcc/arm-none-eabi/10.2.1/cc1 -quiet -v -imultilib thumb/v7e-m/nofp -iprefix /home/vksalian/Desktop/Practice_2021/baremetal_tiva_TM4C123GH6PM_IDE/gcc-arm-none-eabi-10-2020-q4-major/bin/../lib/gcc/arm-none-eabi/10.2.1/ -isysroot /home/vksalian/Desktop/Practice_2021/baremetal_tiva_TM4C123GH6PM_IDE/gcc-arm-none-eabi-10-2020-q4-major/bin/../arm-none-eabi -MMD led.d -MF led.d -MP -MT led.o -dD -D__USES_INITFINI__ -D TM4C123GH6PM ../led.c -quiet -dumpbase led.c -mcpu=cortex-m4 -mthumb -mlittle-endian -mfloat-abi=soft -march=armv7e-m -auxbase-strip led.o -g3 -O0 -Wall -std=gnu11 -version -fmessage-length=0 -fsigned-char -ffunction-sections -fdata-sections -o /tmp/ccN1Y3Dw.s
GNU C11 (GNU Arm Embedded Toolchain 10-2020-q4-major) version 10.2.1 20201103 (release) (arm-none-eabi)
	compiled by GNU C version 4.8.4, GMP version 6.1.0, MPFR version 3.1.4, MPC version 1.0.3, isl version isl-0.18-GMP

GGC heuristics: --param ggc-min-expand=100 --param ggc-min-heapsize=131072
ignoring duplicate directory "/home/vksalian/Desktop/Practice_2021/baremetal_tiva_TM4C123GH6PM_IDE/gcc-arm-none-eabi-10-2020-q4-major/bin/../lib/gcc/../../lib/gcc/arm-none-eabi/10.2.1/include"
ignoring nonexistent directory "/home/vksalian/Desktop/Practice_2021/baremetal_tiva_TM4C123GH6PM_IDE/gcc-arm-none-eabi-10-2020-q4-major/bin/../arm-none-eabi/usr/local/include"
ignoring duplicate directory "/home/vksalian/Desktop/Practice_2021/baremetal_tiva_TM4C123GH6PM_IDE/gcc-arm-none-eabi-10-2020-q4-major/bin/../lib/gcc/../../lib/gcc/arm-none-eabi/10.2.1/include-fixed"
ignoring duplicate directory "/home/vksalian/Desktop/Practice_2021/baremetal_tiva_TM4C123GH6PM_IDE/gcc-arm-none-eabi-10-2020-q4-major/bin/../lib/gcc/../../lib/gcc/arm-none-eabi/10.2.1/../../../../arm-none-eabi/include"
ignoring nonexistent directory "/home/vksalian/Desktop/Practice_2021/baremetal_tiva_TM4C123GH6PM_IDE/gcc-arm-none-eabi-10-2020-q4-major/bin/../arm-none-eabi/usr/include"
#include "..." search starts here:
#include <...> search starts here:
 /home/vksalian/Desktop/Practice_2021/baremetal_tiva_TM4C123GH6PM_IDE/gcc-arm-none-eabi-10-2020-q4-major/bin/../lib/gcc/arm-none-eabi/10.2.1/include
 /home/vksalian/Desktop/Practice_2021/baremetal_tiva_TM4C123GH6PM_IDE/gcc-arm-none-eabi-10-2020-q4-major/bin/../lib/gcc/arm-none-eabi/10.2.1/include-fixed
 /home/vksalian/Desktop/Practice_2021/baremetal_tiva_TM4C123GH6PM_IDE/gcc-arm-none-eabi-10-2020-q4-major/bin/../lib/gcc/arm-none-eabi/10.2.1/../../../../arm-none-eabi/include
End of search list.
GNU C11 (GNU Arm Embedded Toolchain 10-2020-q4-major) version 10.2.1 20201103 (release) (arm-none-eabi)
	compiled by GNU C version 4.8.4, GMP version 6.1.0, MPFR version 3.1.4, MPC version 1.0.3, isl version isl-0.18-GMP

GGC heuristics: --param ggc-min-expand=100 --param ggc-min-heapsize=131072
Compiler executable checksum: e9addb35ad3a920a846c18a834db924d
COLLECT_GCC_OPTIONS='-mcpu=cortex-m4' '-mthumb' '-mlittle-endian' '-O0' '-fmessage-length=0' '-fsigned-char' '-ffunction-sections' '-fdata-sections' '-Wall' '-g3' '-D' 'TM4C123GH6PM' '-std=gnu11' '-v' '-MMD' '-MP' '-MF' 'led.d' '-MT' 'led.o' '-c' '-o' 'led.o' '-mfloat-abi=soft' '-march=armv7e-m'
 /home/vksalian/Desktop/Practice_2021/baremetal_tiva_TM4C123GH6PM_IDE/gcc-arm-none-eabi-10-2020-q4-major/bin/../lib/gcc/arm-none-eabi/10.2.1/../../../../arm-none-eabi/bin/as -v -EL -march=armv7e-m -mfloat-abi=soft -meabi=5 -o led.o /tmp/ccN1Y3Dw.s
GNU assembler version 2.35.1 (arm-none-eabi) using BFD version (GNU Arm Embedded Toolchain 10-2020-q4-major) 2.35.1.20201028
COMPILER_PATH=/home/vksalian/Desktop/Practice_2021/baremetal_tiva_TM4C123GH6PM_IDE/gcc-arm-none-eabi-10-2020-q4-major/bin/../lib/gcc/arm-none-eabi/10.2.1/:/home/vksalian/Desktop/Practice_2021/baremetal_tiva_TM4C123GH6PM_IDE/gcc-arm-none-eabi-10-2020-q4-major/bin/../lib/gcc/:/home/vksalian/Desktop/Practice_2021/baremetal_tiva_TM4C123GH6PM_IDE/gcc-arm-none-eabi-10-2020-q4-major/bin/../lib/gcc/arm-none-eabi/10.2.1/../../../../arm-none-eabi/bin/
LIBRARY_PATH=/home/vksalian/Desktop/Practice_2021/baremetal_tiva_TM4C123GH6PM_IDE/gcc-arm-none-eabi-10-2020-q4-major/bin/../lib/gcc/arm-none-eabi/10.2.1/thumb/v7e-m/nofp/:/home/vksalian/Desktop/Practice_2021/baremetal_tiva_TM4C123GH6PM_IDE/gcc-arm-none-eabi-10-2020-q4-major/bin/../lib/gcc/arm-none-eabi/10.2.1/../../../../arm-none-eabi/lib/thumb/v7e-m/nofp/:/home/vksalian/Desktop/Practice_2021/baremetal_tiva_TM4C123GH6PM_IDE/gcc-arm-none-eabi-10-2020-q4-major/bin/../arm-none-eabi/lib/thumb/v7e-m/nofp/:/home/vksalian/Desktop/Practice_2021/baremetal_tiva_TM4C123GH6PM_IDE/gcc-arm-none-eabi-10-2020-q4-major/bin/../lib/gcc/arm-none-eabi/10.2.1/:/home/vksalian/Desktop/Practice_2021/baremetal_tiva_TM4C123GH6PM_IDE/gcc-arm-none-eabi-10-2020-q4-major/bin/../lib/gcc/:/home/vksalian/Desktop/Practice_2021/baremetal_tiva_TM4C123GH6PM_IDE/gcc-arm-none-eabi-10-2020-q4-major/bin/../lib/gcc/arm-none-eabi/10.2.1/../../../../arm-none-eabi/lib/:/home/vksalian/Desktop/Practice_2021/baremetal_tiva_TM4C123GH6PM_IDE/gcc-arm-none-eabi-10-2020-q4-major/bin/../arm-none-eabi/lib/
COLLECT_GCC_OPTIONS='-mcpu=cortex-m4' '-mthumb' '-mlittle-endian' '-O0' '-fmessage-length=0' '-fsigned-char' '-ffunction-sections' '-fdata-sections' '-Wall' '-g3' '-D' 'TM4C123GH6PM' '-std=gnu11' '-v' '-MMD' '-MP' '-MF' 'led.d' '-MT' 'led.o' '-c' '-o' 'led.o' '-mfloat-abi=soft' '-march=armv7e-m'
Finished building: ../led.c
 
Building file: ../main.c
Invoking: GNU Arm Cross C Compiler
arm-none-eabi-gcc -mcpu=cortex-m4 -mthumb -mlittle-endian -O0 -fmessage-length=0 -fsigned-char -ffunction-sections -fdata-sections -Wall  -g3 -DTM4C123GH6PM -std=gnu11 -v -MMD -MP -MF"main.d" -MT"main.o" -c -o "main.o" "../main.c"
Using built-in specs.
COLLECT_GCC=arm-none-eabi-gcc
Target: arm-none-eabi
Configured with: /mnt/workspace/workspace/GCC-10-pipeline/jenkins-GCC-10-pipeline-48_20201124_1606180641/src/gcc/configure --target=arm-none-eabi --prefix=/mnt/workspace/workspace/GCC-10-pipeline/jenkins-GCC-10-pipeline-48_20201124_1606180641/install-native --libexecdir=/mnt/workspace/workspace/GCC-10-pipeline/jenkins-GCC-10-pipeline-48_20201124_1606180641/install-native/lib --infodir=/mnt/workspace/workspace/GCC-10-pipeline/jenkins-GCC-10-pipeline-48_20201124_1606180641/install-native/share/doc/gcc-arm-none-eabi/info --mandir=/mnt/workspace/workspace/GCC-10-pipeline/jenkins-GCC-10-pipeline-48_20201124_1606180641/install-native/share/doc/gcc-arm-none-eabi/man --htmldir=/mnt/workspace/workspace/GCC-10-pipeline/jenkins-GCC-10-pipeline-48_20201124_1606180641/install-native/share/doc/gcc-arm-none-eabi/html --pdfdir=/mnt/workspace/workspace/GCC-10-pipeline/jenkins-GCC-10-pipeline-48_20201124_1606180641/install-native/share/doc/gcc-arm-none-eabi/pdf --enable-languages=c,c++ --enable-plugins --disable-decimal-float --disable-libffi --disable-libgomp --disable-libmudflap --disable-libquadmath --disable-libssp --disable-libstdcxx-pch --disable-nls --disable-shared --disable-threads --disable-tls --with-gnu-as --with-gnu-ld --with-newlib --with-headers=yes --with-python-dir=share/gcc-arm-none-eabi --with-sysroot=/mnt/workspace/workspace/GCC-10-pipeline/jenkins-GCC-10-pipeline-48_20201124_1606180641/install-native/arm-none-eabi --build=x86_64-linux-gnu --host=x86_64-linux-gnu --with-gmp=/mnt/workspace/workspace/GCC-10-pipeline/jenkins-GCC-10-pipeline-48_20201124_1606180641/build-native/host-libs/usr --with-mpfr=/mnt/workspace/workspace/GCC-10-pipeline/jenkins-GCC-10-pipeline-48_20201124_1606180641/build-native/host-libs/usr --with-mpc=/mnt/workspace/workspace/GCC-10-pipeline/jenkins-GCC-10-pipeline-48_20201124_1606180641/build-native/host-libs/usr --with-isl=/mnt/workspace/workspace/GCC-10-pipeline/jenkins-GCC-10-pipeline-48_20201124_1606180641/build-native/host-libs/usr --with-libelf=/mnt/workspace/workspace/GCC-10-pipeline/jenkins-GCC-10-pipeline-48_20201124_1606180641/build-native/host-libs/usr --with-host-libstdcxx='-static-libgcc -Wl,-Bstatic,-lstdc++,-Bdynamic -lm' --with-pkgversion='GNU Arm Embedded Toolchain 10-2020-q4-major' --with-multilib-list=rmprofile,aprofile
Thread model: single
Supported LTO compression algorithms: zlib
gcc version 10.2.1 20201103 (release) (GNU Arm Embedded Toolchain 10-2020-q4-major) 
COLLECT_GCC_OPTIONS='-mcpu=cortex-m4' '-mthumb' '-mlittle-endian' '-O0' '-fmessage-length=0' '-fsigned-char' '-ffunction-sections' '-fdata-sections' '-Wall' '-g3' '-D' 'TM4C123GH6PM' '-std=gnu11' '-v' '-MMD' '-MP' '-MF' 'main.d' '-MT' 'main.o' '-c' '-o' 'main.o' '-mfloat-abi=soft' '-march=armv7e-m'
 /home/vksalian/Desktop/Practice_2021/baremetal_tiva_TM4C123GH6PM_IDE/gcc-arm-none-eabi-10-2020-q4-major/bin/../lib/gcc/arm-none-eabi/10.2.1/cc1 -quiet -v -imultilib thumb/v7e-m/nofp -iprefix /home/vksalian/Desktop/Practice_2021/baremetal_tiva_TM4C123GH6PM_IDE/gcc-arm-none-eabi-10-2020-q4-major/bin/../lib/gcc/arm-none-eabi/10.2.1/ -isysroot /home/vksalian/Desktop/Practice_2021/baremetal_tiva_TM4C123GH6PM_IDE/gcc-arm-none-eabi-10-2020-q4-major/bin/../arm-none-eabi -MMD main.d -MF main.d -MP -MT main.o -dD -D__USES_INITFINI__ -D TM4C123GH6PM ../main.c -quiet -dumpbase main.c -mcpu=cortex-m4 -mthumb -mlittle-endian -mfloat-abi=soft -march=armv7e-m -auxbase-strip main.o -g3 -O0 -Wall -std=gnu11 -version -fmessage-length=0 -fsigned-char -ffunction-sections -fdata-sections -o /tmp/cc9PG88F.s
GNU C11 (GNU Arm Embedded Toolchain 10-2020-q4-major) version 10.2.1 20201103 (release) (arm-none-eabi)
	compiled by GNU C version 4.8.4, GMP version 6.1.0, MPFR version 3.1.4, MPC version 1.0.3, isl version isl-0.18-GMP

GGC heuristics: --param ggc-min-expand=100 --param ggc-min-heapsize=131072
ignoring duplicate directory "/home/vksalian/Desktop/Practice_2021/baremetal_tiva_TM4C123GH6PM_IDE/gcc-arm-none-eabi-10-2020-q4-major/bin/../lib/gcc/../../lib/gcc/arm-none-eabi/10.2.1/include"
ignoring nonexistent directory "/home/vksalian/Desktop/Practice_2021/baremetal_tiva_TM4C123GH6PM_IDE/gcc-arm-none-eabi-10-2020-q4-major/bin/../arm-none-eabi/usr/local/include"
ignoring duplicate directory "/home/vksalian/Desktop/Practice_2021/baremetal_tiva_TM4C123GH6PM_IDE/gcc-arm-none-eabi-10-2020-q4-major/bin/../lib/gcc/../../lib/gcc/arm-none-eabi/10.2.1/include-fixed"
ignoring duplicate directory "/home/vksalian/Desktop/Practice_2021/baremetal_tiva_TM4C123GH6PM_IDE/gcc-arm-none-eabi-10-2020-q4-major/bin/../lib/gcc/../../lib/gcc/arm-none-eabi/10.2.1/../../../../arm-none-eabi/include"
ignoring nonexistent directory "/home/vksalian/Desktop/Practice_2021/baremetal_tiva_TM4C123GH6PM_IDE/gcc-arm-none-eabi-10-2020-q4-major/bin/../arm-none-eabi/usr/include"
#include "..." search starts here:
#include <...> search starts here:
 /home/vksalian/Desktop/Practice_2021/baremetal_tiva_TM4C123GH6PM_IDE/gcc-arm-none-eabi-10-2020-q4-major/bin/../lib/gcc/arm-none-eabi/10.2.1/include
 /home/vksalian/Desktop/Practice_2021/baremetal_tiva_TM4C123GH6PM_IDE/gcc-arm-none-eabi-10-2020-q4-major/bin/../lib/gcc/arm-none-eabi/10.2.1/include-fixed
 /home/vksalian/Desktop/Practice_2021/baremetal_tiva_TM4C123GH6PM_IDE/gcc-arm-none-eabi-10-2020-q4-major/bin/../lib/gcc/arm-none-eabi/10.2.1/../../../../arm-none-eabi/include
End of search list.
GNU C11 (GNU Arm Embedded Toolchain 10-2020-q4-major) version 10.2.1 20201103 (release) (arm-none-eabi)
	compiled by GNU C version 4.8.4, GMP version 6.1.0, MPFR version 3.1.4, MPC version 1.0.3, isl version isl-0.18-GMP

GGC heuristics: --param ggc-min-expand=100 --param ggc-min-heapsize=131072
Compiler executable checksum: e9addb35ad3a920a846c18a834db924d
COLLECT_GCC_OPTIONS='-mcpu=cortex-m4' '-mthumb' '-mlittle-endian' '-O0' '-fmessage-length=0' '-fsigned-char' '-ffunction-sections' '-fdata-sections' '-Wall' '-g3' '-D' 'TM4C123GH6PM' '-std=gnu11' '-v' '-MMD' '-MP' '-MF' 'main.d' '-MT' 'main.o' '-c' '-o' 'main.o' '-mfloat-abi=soft' '-march=armv7e-m'
 /home/vksalian/Desktop/Practice_2021/baremetal_tiva_TM4C123GH6PM_IDE/gcc-arm-none-eabi-10-2020-q4-major/bin/../lib/gcc/arm-none-eabi/10.2.1/../../../../arm-none-eabi/bin/as -v -EL -march=armv7e-m -mfloat-abi=soft -meabi=5 -o main.o /tmp/cc9PG88F.s
GNU assembler version 2.35.1 (arm-none-eabi) using BFD version (GNU Arm Embedded Toolchain 10-2020-q4-major) 2.35.1.20201028
COMPILER_PATH=/home/vksalian/Desktop/Practice_2021/baremetal_tiva_TM4C123GH6PM_IDE/gcc-arm-none-eabi-10-2020-q4-major/bin/../lib/gcc/arm-none-eabi/10.2.1/:/home/vksalian/Desktop/Practice_2021/baremetal_tiva_TM4C123GH6PM_IDE/gcc-arm-none-eabi-10-2020-q4-major/bin/../lib/gcc/:/home/vksalian/Desktop/Practice_2021/baremetal_tiva_TM4C123GH6PM_IDE/gcc-arm-none-eabi-10-2020-q4-major/bin/../lib/gcc/arm-none-eabi/10.2.1/../../../../arm-none-eabi/bin/
LIBRARY_PATH=/home/vksalian/Desktop/Practice_2021/baremetal_tiva_TM4C123GH6PM_IDE/gcc-arm-none-eabi-10-2020-q4-major/bin/../lib/gcc/arm-none-eabi/10.2.1/thumb/v7e-m/nofp/:/home/vksalian/Desktop/Practice_2021/baremetal_tiva_TM4C123GH6PM_IDE/gcc-arm-none-eabi-10-2020-q4-major/bin/../lib/gcc/arm-none-eabi/10.2.1/../../../../arm-none-eabi/lib/thumb/v7e-m/nofp/:/home/vksalian/Desktop/Practice_2021/baremetal_tiva_TM4C123GH6PM_IDE/gcc-arm-none-eabi-10-2020-q4-major/bin/../arm-none-eabi/lib/thumb/v7e-m/nofp/:/home/vksalian/Desktop/Practice_2021/baremetal_tiva_TM4C123GH6PM_IDE/gcc-arm-none-eabi-10-2020-q4-major/bin/../lib/gcc/arm-none-eabi/10.2.1/:/home/vksalian/Desktop/Practice_2021/baremetal_tiva_TM4C123GH6PM_IDE/gcc-arm-none-eabi-10-2020-q4-major/bin/../lib/gcc/:/home/vksalian/Desktop/Practice_2021/baremetal_tiva_TM4C123GH6PM_IDE/gcc-arm-none-eabi-10-2020-q4-major/bin/../lib/gcc/arm-none-eabi/10.2.1/../../../../arm-none-eabi/lib/:/home/vksalian/Desktop/Practice_2021/baremetal_tiva_TM4C123GH6PM_IDE/gcc-arm-none-eabi-10-2020-q4-major/bin/../arm-none-eabi/lib/
COLLECT_GCC_OPTIONS='-mcpu=cortex-m4' '-mthumb' '-mlittle-endian' '-O0' '-fmessage-length=0' '-fsigned-char' '-ffunction-sections' '-fdata-sections' '-Wall' '-g3' '-D' 'TM4C123GH6PM' '-std=gnu11' '-v' '-MMD' '-MP' '-MF' 'main.d' '-MT' 'main.o' '-c' '-o' 'main.o' '-mfloat-abi=soft' '-march=armv7e-m'
Finished building: ../main.c
 
Building file: ../startup_TM4C123.c
Invoking: GNU Arm Cross C Compiler
arm-none-eabi-gcc -mcpu=cortex-m4 -mthumb -mlittle-endian -O0 -fmessage-length=0 -fsigned-char -ffunction-sections -fdata-sections -Wall  -g3 -DTM4C123GH6PM -std=gnu11 -v -MMD -MP -MF"startup_TM4C123.d" -MT"startup_TM4C123.o" -c -o "startup_TM4C123.o" "../startup_TM4C123.c"
Using built-in specs.
COLLECT_GCC=arm-none-eabi-gcc
Target: arm-none-eabi
Configured with: /mnt/workspace/workspace/GCC-10-pipeline/jenkins-GCC-10-pipeline-48_20201124_1606180641/src/gcc/configure --target=arm-none-eabi --prefix=/mnt/workspace/workspace/GCC-10-pipeline/jenkins-GCC-10-pipeline-48_20201124_1606180641/install-native --libexecdir=/mnt/workspace/workspace/GCC-10-pipeline/jenkins-GCC-10-pipeline-48_20201124_1606180641/install-native/lib --infodir=/mnt/workspace/workspace/GCC-10-pipeline/jenkins-GCC-10-pipeline-48_20201124_1606180641/install-native/share/doc/gcc-arm-none-eabi/info --mandir=/mnt/workspace/workspace/GCC-10-pipeline/jenkins-GCC-10-pipeline-48_20201124_1606180641/install-native/share/doc/gcc-arm-none-eabi/man --htmldir=/mnt/workspace/workspace/GCC-10-pipeline/jenkins-GCC-10-pipeline-48_20201124_1606180641/install-native/share/doc/gcc-arm-none-eabi/html --pdfdir=/mnt/workspace/workspace/GCC-10-pipeline/jenkins-GCC-10-pipeline-48_20201124_1606180641/install-native/share/doc/gcc-arm-none-eabi/pdf --enable-languages=c,c++ --enable-plugins --disable-decimal-float --disable-libffi --disable-libgomp --disable-libmudflap --disable-libquadmath --disable-libssp --disable-libstdcxx-pch --disable-nls --disable-shared --disable-threads --disable-tls --with-gnu-as --with-gnu-ld --with-newlib --with-headers=yes --with-python-dir=share/gcc-arm-none-eabi --with-sysroot=/mnt/workspace/workspace/GCC-10-pipeline/jenkins-GCC-10-pipeline-48_20201124_1606180641/install-native/arm-none-eabi --build=x86_64-linux-gnu --host=x86_64-linux-gnu --with-gmp=/mnt/workspace/workspace/GCC-10-pipeline/jenkins-GCC-10-pipeline-48_20201124_1606180641/build-native/host-libs/usr --with-mpfr=/mnt/workspace/workspace/GCC-10-pipeline/jenkins-GCC-10-pipeline-48_20201124_1606180641/build-native/host-libs/usr --with-mpc=/mnt/workspace/workspace/GCC-10-pipeline/jenkins-GCC-10-pipeline-48_20201124_1606180641/build-native/host-libs/usr --with-isl=/mnt/workspace/workspace/GCC-10-pipeline/jenkins-GCC-10-pipeline-48_20201124_1606180641/build-native/host-libs/usr --with-libelf=/mnt/workspace/workspace/GCC-10-pipeline/jenkins-GCC-10-pipeline-48_20201124_1606180641/build-native/host-libs/usr --with-host-libstdcxx='-static-libgcc -Wl,-Bstatic,-lstdc++,-Bdynamic -lm' --with-pkgversion='GNU Arm Embedded Toolchain 10-2020-q4-major' --with-multilib-list=rmprofile,aprofile
Thread model: single
Supported LTO compression algorithms: zlib
gcc version 10.2.1 20201103 (release) (GNU Arm Embedded Toolchain 10-2020-q4-major) 
COLLECT_GCC_OPTIONS='-mcpu=cortex-m4' '-mthumb' '-mlittle-endian' '-O0' '-fmessage-length=0' '-fsigned-char' '-ffunction-sections' '-fdata-sections' '-Wall' '-g3' '-D' 'TM4C123GH6PM' '-std=gnu11' '-v' '-MMD' '-MP' '-MF' 'startup_TM4C123.d' '-MT' 'startup_TM4C123.o' '-c' '-o' 'startup_TM4C123.o' '-mfloat-abi=soft' '-march=armv7e-m'
 /home/vksalian/Desktop/Practice_2021/baremetal_tiva_TM4C123GH6PM_IDE/gcc-arm-none-eabi-10-2020-q4-major/bin/../lib/gcc/arm-none-eabi/10.2.1/cc1 -quiet -v -imultilib thumb/v7e-m/nofp -iprefix /home/vksalian/Desktop/Practice_2021/baremetal_tiva_TM4C123GH6PM_IDE/gcc-arm-none-eabi-10-2020-q4-major/bin/../lib/gcc/arm-none-eabi/10.2.1/ -isysroot /home/vksalian/Desktop/Practice_2021/baremetal_tiva_TM4C123GH6PM_IDE/gcc-arm-none-eabi-10-2020-q4-major/bin/../arm-none-eabi -MMD startup_TM4C123.d -MF startup_TM4C123.d -MP -MT startup_TM4C123.o -dD -D__USES_INITFINI__ -D TM4C123GH6PM ../startup_TM4C123.c -quiet -dumpbase startup_TM4C123.c -mcpu=cortex-m4 -mthumb -mlittle-endian -mfloat-abi=soft -march=armv7e-m -auxbase-strip startup_TM4C123.o -g3 -O0 -Wall -std=gnu11 -version -fmessage-length=0 -fsigned-char -ffunction-sections -fdata-sections -o /tmp/ccF40ooN.s
GNU C11 (GNU Arm Embedded Toolchain 10-2020-q4-major) version 10.2.1 20201103 (release) (arm-none-eabi)
	compiled by GNU C version 4.8.4, GMP version 6.1.0, MPFR version 3.1.4, MPC version 1.0.3, isl version isl-0.18-GMP

GGC heuristics: --param ggc-min-expand=100 --param ggc-min-heapsize=131072
ignoring duplicate directory "/home/vksalian/Desktop/Practice_2021/baremetal_tiva_TM4C123GH6PM_IDE/gcc-arm-none-eabi-10-2020-q4-major/bin/../lib/gcc/../../lib/gcc/arm-none-eabi/10.2.1/include"
ignoring nonexistent directory "/home/vksalian/Desktop/Practice_2021/baremetal_tiva_TM4C123GH6PM_IDE/gcc-arm-none-eabi-10-2020-q4-major/bin/../arm-none-eabi/usr/local/include"
ignoring duplicate directory "/home/vksalian/Desktop/Practice_2021/baremetal_tiva_TM4C123GH6PM_IDE/gcc-arm-none-eabi-10-2020-q4-major/bin/../lib/gcc/../../lib/gcc/arm-none-eabi/10.2.1/include-fixed"
ignoring duplicate directory "/home/vksalian/Desktop/Practice_2021/baremetal_tiva_TM4C123GH6PM_IDE/gcc-arm-none-eabi-10-2020-q4-major/bin/../lib/gcc/../../lib/gcc/arm-none-eabi/10.2.1/../../../../arm-none-eabi/include"
ignoring nonexistent directory "/home/vksalian/Desktop/Practice_2021/baremetal_tiva_TM4C123GH6PM_IDE/gcc-arm-none-eabi-10-2020-q4-major/bin/../arm-none-eabi/usr/include"
#include "..." search starts here:
#include <...> search starts here:
 /home/vksalian/Desktop/Practice_2021/baremetal_tiva_TM4C123GH6PM_IDE/gcc-arm-none-eabi-10-2020-q4-major/bin/../lib/gcc/arm-none-eabi/10.2.1/include
 /home/vksalian/Desktop/Practice_2021/baremetal_tiva_TM4C123GH6PM_IDE/gcc-arm-none-eabi-10-2020-q4-major/bin/../lib/gcc/arm-none-eabi/10.2.1/include-fixed
 /home/vksalian/Desktop/Practice_2021/baremetal_tiva_TM4C123GH6PM_IDE/gcc-arm-none-eabi-10-2020-q4-major/bin/../lib/gcc/arm-none-eabi/10.2.1/../../../../arm-none-eabi/include
End of search list.
GNU C11 (GNU Arm Embedded Toolchain 10-2020-q4-major) version 10.2.1 20201103 (release) (arm-none-eabi)
	compiled by GNU C version 4.8.4, GMP version 6.1.0, MPFR version 3.1.4, MPC version 1.0.3, isl version isl-0.18-GMP

GGC heuristics: --param ggc-min-expand=100 --param ggc-min-heapsize=131072
Compiler executable checksum: e9addb35ad3a920a846c18a834db924d
COLLECT_GCC_OPTIONS='-mcpu=cortex-m4' '-mthumb' '-mlittle-endian' '-O0' '-fmessage-length=0' '-fsigned-char' '-ffunction-sections' '-fdata-sections' '-Wall' '-g3' '-D' 'TM4C123GH6PM' '-std=gnu11' '-v' '-MMD' '-MP' '-MF' 'startup_TM4C123.d' '-MT' 'startup_TM4C123.o' '-c' '-o' 'startup_TM4C123.o' '-mfloat-abi=soft' '-march=armv7e-m'
 /home/vksalian/Desktop/Practice_2021/baremetal_tiva_TM4C123GH6PM_IDE/gcc-arm-none-eabi-10-2020-q4-major/bin/../lib/gcc/arm-none-eabi/10.2.1/../../../../arm-none-eabi/bin/as -v -EL -march=armv7e-m -mfloat-abi=soft -meabi=5 -o startup_TM4C123.o /tmp/ccF40ooN.s
GNU assembler version 2.35.1 (arm-none-eabi) using BFD version (GNU Arm Embedded Toolchain 10-2020-q4-major) 2.35.1.20201028
COMPILER_PATH=/home/vksalian/Desktop/Practice_2021/baremetal_tiva_TM4C123GH6PM_IDE/gcc-arm-none-eabi-10-2020-q4-major/bin/../lib/gcc/arm-none-eabi/10.2.1/:/home/vksalian/Desktop/Practice_2021/baremetal_tiva_TM4C123GH6PM_IDE/gcc-arm-none-eabi-10-2020-q4-major/bin/../lib/gcc/:/home/vksalian/Desktop/Practice_2021/baremetal_tiva_TM4C123GH6PM_IDE/gcc-arm-none-eabi-10-2020-q4-major/bin/../lib/gcc/arm-none-eabi/10.2.1/../../../../arm-none-eabi/bin/
Finished building: ../startup_TM4C123.c
LIBRARY_PATH=/home/vksalian/Desktop/Practice_2021/baremetal_tiva_TM4C123GH6PM_IDE/gcc-arm-none-eabi-10-2020-q4-major/bin/../lib/gcc/arm-none-eabi/10.2.1/thumb/v7e-m/nofp/:/home/vksalian/Desktop/Practice_2021/baremetal_tiva_TM4C123GH6PM_IDE/gcc-arm-none-eabi-10-2020-q4-major/bin/../lib/gcc/arm-none-eabi/10.2.1/../../../../arm-none-eabi/lib/thumb/v7e-m/nofp/:/home/vksalian/Desktop/Practice_2021/baremetal_tiva_TM4C123GH6PM_IDE/gcc-arm-none-eabi-10-2020-q4-major/bin/../arm-none-eabi/lib/thumb/v7e-m/nofp/:/home/vksalian/Desktop/Practice_2021/baremetal_tiva_TM4C123GH6PM_IDE/gcc-arm-none-eabi-10-2020-q4-major/bin/../lib/gcc/arm-none-eabi/10.2.1/:/home/vksalian/Desktop/Practice_2021/baremetal_tiva_TM4C123GH6PM_IDE/gcc-arm-none-eabi-10-2020-q4-major/bin/../lib/gcc/:/home/vksalian/Desktop/Practice_2021/baremetal_tiva_TM4C123GH6PM_IDE/gcc-arm-none-eabi-10-2020-q4-major/bin/../lib/gcc/arm-none-eabi/10.2.1/../../../../arm-none-eabi/lib/:/home/vksalian/Desktop/Practice_2021/baremetal_tiva_TM4C123GH6PM_IDE/gcc-arm-none-eabi-10-2020-q4-major/bin/../arm-none-eabi/lib/
COLLECT_GCC_OPTIONS='-mcpu=cortex-m4' '-mthumb' '-mlittle-endian' '-O0' '-fmessage-length=0' '-fsigned-char' '-ffunction-sections' '-fdata-sections' '-Wall' '-g3' '-D' 'TM4C123GH6PM' '-std=gnu11' '-v' '-MMD' '-MP' '-MF' 'startup_TM4C123.d' '-MT' 'startup_TM4C123.o' '-c' '-o' 'startup_TM4C123.o' '-mfloat-abi=soft' '-march=armv7e-m'
 
Building file: ../system_TM4C123.c
Invoking: GNU Arm Cross C Compiler
arm-none-eabi-gcc -mcpu=cortex-m4 -mthumb -mlittle-endian -O0 -fmessage-length=0 -fsigned-char -ffunction-sections -fdata-sections -Wall  -g3 -DTM4C123GH6PM -std=gnu11 -v -MMD -MP -MF"system_TM4C123.d" -MT"system_TM4C123.o" -c -o "system_TM4C123.o" "../system_TM4C123.c"
Using built-in specs.
COLLECT_GCC=arm-none-eabi-gcc
Target: arm-none-eabi
Configured with: /mnt/workspace/workspace/GCC-10-pipeline/jenkins-GCC-10-pipeline-48_20201124_1606180641/src/gcc/configure --target=arm-none-eabi --prefix=/mnt/workspace/workspace/GCC-10-pipeline/jenkins-GCC-10-pipeline-48_20201124_1606180641/install-native --libexecdir=/mnt/workspace/workspace/GCC-10-pipeline/jenkins-GCC-10-pipeline-48_20201124_1606180641/install-native/lib --infodir=/mnt/workspace/workspace/GCC-10-pipeline/jenkins-GCC-10-pipeline-48_20201124_1606180641/install-native/share/doc/gcc-arm-none-eabi/info --mandir=/mnt/workspace/workspace/GCC-10-pipeline/jenkins-GCC-10-pipeline-48_20201124_1606180641/install-native/share/doc/gcc-arm-none-eabi/man --htmldir=/mnt/workspace/workspace/GCC-10-pipeline/jenkins-GCC-10-pipeline-48_20201124_1606180641/install-native/share/doc/gcc-arm-none-eabi/html --pdfdir=/mnt/workspace/workspace/GCC-10-pipeline/jenkins-GCC-10-pipeline-48_20201124_1606180641/install-native/share/doc/gcc-arm-none-eabi/pdf --enable-languages=c,c++ --enable-plugins --disable-decimal-float --disable-libffi --disable-libgomp --disable-libmudflap --disable-libquadmath --disable-libssp --disable-libstdcxx-pch --disable-nls --disable-shared --disable-threads --disable-tls --with-gnu-as --with-gnu-ld --with-newlib --with-headers=yes --with-python-dir=share/gcc-arm-none-eabi --with-sysroot=/mnt/workspace/workspace/GCC-10-pipeline/jenkins-GCC-10-pipeline-48_20201124_1606180641/install-native/arm-none-eabi --build=x86_64-linux-gnu --host=x86_64-linux-gnu --with-gmp=/mnt/workspace/workspace/GCC-10-pipeline/jenkins-GCC-10-pipeline-48_20201124_1606180641/build-native/host-libs/usr --with-mpfr=/mnt/workspace/workspace/GCC-10-pipeline/jenkins-GCC-10-pipeline-48_20201124_1606180641/build-native/host-libs/usr --with-mpc=/mnt/workspace/workspace/GCC-10-pipeline/jenkins-GCC-10-pipeline-48_20201124_1606180641/build-native/host-libs/usr --with-isl=/mnt/workspace/workspace/GCC-10-pipeline/jenkins-GCC-10-pipeline-48_20201124_1606180641/build-native/host-libs/usr --with-libelf=/mnt/workspace/workspace/GCC-10-pipeline/jenkins-GCC-10-pipeline-48_20201124_1606180641/build-native/host-libs/usr --with-host-libstdcxx='-static-libgcc -Wl,-Bstatic,-lstdc++,-Bdynamic -lm' --with-pkgversion='GNU Arm Embedded Toolchain 10-2020-q4-major' --with-multilib-list=rmprofile,aprofile
Thread model: single
Supported LTO compression algorithms: zlib
gcc version 10.2.1 20201103 (release) (GNU Arm Embedded Toolchain 10-2020-q4-major) 
COLLECT_GCC_OPTIONS='-mcpu=cortex-m4' '-mthumb' '-mlittle-endian' '-O0' '-fmessage-length=0' '-fsigned-char' '-ffunction-sections' '-fdata-sections' '-Wall' '-g3' '-D' 'TM4C123GH6PM' '-std=gnu11' '-v' '-MMD' '-MP' '-MF' 'system_TM4C123.d' '-MT' 'system_TM4C123.o' '-c' '-o' 'system_TM4C123.o' '-mfloat-abi=soft' '-march=armv7e-m'
 /home/vksalian/Desktop/Practice_2021/baremetal_tiva_TM4C123GH6PM_IDE/gcc-arm-none-eabi-10-2020-q4-major/bin/../lib/gcc/arm-none-eabi/10.2.1/cc1 -quiet -v -imultilib thumb/v7e-m/nofp -iprefix /home/vksalian/Desktop/Practice_2021/baremetal_tiva_TM4C123GH6PM_IDE/gcc-arm-none-eabi-10-2020-q4-major/bin/../lib/gcc/arm-none-eabi/10.2.1/ -isysroot /home/vksalian/Desktop/Practice_2021/baremetal_tiva_TM4C123GH6PM_IDE/gcc-arm-none-eabi-10-2020-q4-major/bin/../arm-none-eabi -MMD system_TM4C123.d -MF system_TM4C123.d -MP -MT system_TM4C123.o -dD -D__USES_INITFINI__ -D TM4C123GH6PM ../system_TM4C123.c -quiet -dumpbase system_TM4C123.c -mcpu=cortex-m4 -mthumb -mlittle-endian -mfloat-abi=soft -march=armv7e-m -auxbase-strip system_TM4C123.o -g3 -O0 -Wall -std=gnu11 -version -fmessage-length=0 -fsigned-char -ffunction-sections -fdata-sections -o /tmp/ccATwveW.s
GNU C11 (GNU Arm Embedded Toolchain 10-2020-q4-major) version 10.2.1 20201103 (release) (arm-none-eabi)
	compiled by GNU C version 4.8.4, GMP version 6.1.0, MPFR version 3.1.4, MPC version 1.0.3, isl version isl-0.18-GMP

GGC heuristics: --param ggc-min-expand=100 --param ggc-min-heapsize=131072
ignoring duplicate directory "/home/vksalian/Desktop/Practice_2021/baremetal_tiva_TM4C123GH6PM_IDE/gcc-arm-none-eabi-10-2020-q4-major/bin/../lib/gcc/../../lib/gcc/arm-none-eabi/10.2.1/include"
ignoring nonexistent directory "/home/vksalian/Desktop/Practice_2021/baremetal_tiva_TM4C123GH6PM_IDE/gcc-arm-none-eabi-10-2020-q4-major/bin/../arm-none-eabi/usr/local/include"
ignoring duplicate directory "/home/vksalian/Desktop/Practice_2021/baremetal_tiva_TM4C123GH6PM_IDE/gcc-arm-none-eabi-10-2020-q4-major/bin/../lib/gcc/../../lib/gcc/arm-none-eabi/10.2.1/include-fixed"
ignoring duplicate directory "/home/vksalian/Desktop/Practice_2021/baremetal_tiva_TM4C123GH6PM_IDE/gcc-arm-none-eabi-10-2020-q4-major/bin/../lib/gcc/../../lib/gcc/arm-none-eabi/10.2.1/../../../../arm-none-eabi/include"
ignoring nonexistent directory "/home/vksalian/Desktop/Practice_2021/baremetal_tiva_TM4C123GH6PM_IDE/gcc-arm-none-eabi-10-2020-q4-major/bin/../arm-none-eabi/usr/include"
#include "..." search starts here:
#include <...> search starts here:
 /home/vksalian/Desktop/Practice_2021/baremetal_tiva_TM4C123GH6PM_IDE/gcc-arm-none-eabi-10-2020-q4-major/bin/../lib/gcc/arm-none-eabi/10.2.1/include
 /home/vksalian/Desktop/Practice_2021/baremetal_tiva_TM4C123GH6PM_IDE/gcc-arm-none-eabi-10-2020-q4-major/bin/../lib/gcc/arm-none-eabi/10.2.1/include-fixed
 /home/vksalian/Desktop/Practice_2021/baremetal_tiva_TM4C123GH6PM_IDE/gcc-arm-none-eabi-10-2020-q4-major/bin/../lib/gcc/arm-none-eabi/10.2.1/../../../../arm-none-eabi/include
End of search list.
GNU C11 (GNU Arm Embedded Toolchain 10-2020-q4-major) version 10.2.1 20201103 (release) (arm-none-eabi)
	compiled by GNU C version 4.8.4, GMP version 6.1.0, MPFR version 3.1.4, MPC version 1.0.3, isl version isl-0.18-GMP

GGC heuristics: --param ggc-min-expand=100 --param ggc-min-heapsize=131072
Compiler executable checksum: e9addb35ad3a920a846c18a834db924d
COLLECT_GCC_OPTIONS='-mcpu=cortex-m4' '-mthumb' '-mlittle-endian' '-O0' '-fmessage-length=0' '-fsigned-char' '-ffunction-sections' '-fdata-sections' '-Wall' '-g3' '-D' 'TM4C123GH6PM' '-std=gnu11' '-v' '-MMD' '-MP' '-MF' 'system_TM4C123.d' '-MT' 'system_TM4C123.o' '-c' '-o' 'system_TM4C123.o' '-mfloat-abi=soft' '-march=armv7e-m'
 /home/vksalian/Desktop/Practice_2021/baremetal_tiva_TM4C123GH6PM_IDE/gcc-arm-none-eabi-10-2020-q4-major/bin/../lib/gcc/arm-none-eabi/10.2.1/../../../../arm-none-eabi/bin/as -v -EL -march=armv7e-m -mfloat-abi=soft -meabi=5 -o system_TM4C123.o /tmp/ccATwveW.s
GNU assembler version 2.35.1 (arm-none-eabi) using BFD version (GNU Arm Embedded Toolchain 10-2020-q4-major) 2.35.1.20201028
COMPILER_PATH=/home/vksalian/Desktop/Practice_2021/baremetal_tiva_TM4C123GH6PM_IDE/gcc-arm-none-eabi-10-2020-q4-major/bin/../lib/gcc/arm-none-eabi/10.2.1/:/home/vksalian/Desktop/Practice_2021/baremetal_tiva_TM4C123GH6PM_IDE/gcc-arm-none-eabi-10-2020-q4-major/bin/../lib/gcc/:/home/vksalian/Desktop/Practice_2021/baremetal_tiva_TM4C123GH6PM_IDE/gcc-arm-none-eabi-10-2020-q4-major/bin/../lib/gcc/arm-none-eabi/10.2.1/../../../../arm-none-eabi/bin/
Finished building: ../system_TM4C123.c
LIBRARY_PATH=/home/vksalian/Desktop/Practice_2021/baremetal_tiva_TM4C123GH6PM_IDE/gcc-arm-none-eabi-10-2020-q4-major/bin/../lib/gcc/arm-none-eabi/10.2.1/thumb/v7e-m/nofp/:/home/vksalian/Desktop/Practice_2021/baremetal_tiva_TM4C123GH6PM_IDE/gcc-arm-none-eabi-10-2020-q4-major/bin/../lib/gcc/arm-none-eabi/10.2.1/../../../../arm-none-eabi/lib/thumb/v7e-m/nofp/:/home/vksalian/Desktop/Practice_2021/baremetal_tiva_TM4C123GH6PM_IDE/gcc-arm-none-eabi-10-2020-q4-major/bin/../arm-none-eabi/lib/thumb/v7e-m/nofp/:/home/vksalian/Desktop/Practice_2021/baremetal_tiva_TM4C123GH6PM_IDE/gcc-arm-none-eabi-10-2020-q4-major/bin/../lib/gcc/arm-none-eabi/10.2.1/:/home/vksalian/Desktop/Practice_2021/baremetal_tiva_TM4C123GH6PM_IDE/gcc-arm-none-eabi-10-2020-q4-major/bin/../lib/gcc/:/home/vksalian/Desktop/Practice_2021/baremetal_tiva_TM4C123GH6PM_IDE/gcc-arm-none-eabi-10-2020-q4-major/bin/../lib/gcc/arm-none-eabi/10.2.1/../../../../arm-none-eabi/lib/:/home/vksalian/Desktop/Practice_2021/baremetal_tiva_TM4C123GH6PM_IDE/gcc-arm-none-eabi-10-2020-q4-major/bin/../arm-none-eabi/lib/
COLLECT_GCC_OPTIONS='-mcpu=cortex-m4' '-mthumb' '-mlittle-endian' '-O0' '-fmessage-length=0' '-fsigned-char' '-ffunction-sections' '-fdata-sections' '-Wall' '-g3' '-D' 'TM4C123GH6PM' '-std=gnu11' '-v' '-MMD' '-MP' '-MF' 'system_TM4C123.d' '-MT' 'system_TM4C123.o' '-c' '-o' 'system_TM4C123.o' '-mfloat-abi=soft' '-march=armv7e-m'
 
Building target: tiva.elf
Invoking: GNU Arm Cross C Linker
arm-none-eabi-gcc -mcpu=cortex-m4 -mthumb -mlittle-endian -O0 -fmessage-length=0 -fsigned-char -ffunction-sections -fdata-sections -Wall  -g3 -T "/home/vksalian/Desktop/Practice_2021/baremetal_tiva_TM4C123GH6PM_IDE/eclipse_workspace/tiva/tm4c123gh6pm.ld" -nostdlib -Wl,-Map,"tiva.map" -o "tiva.elf"  ./bsp.o ./led.o ./main.o ./startup_TM4C123.o ./system_TM4C123.o   
Finished building target: tiva.elf
 
Invoking: GNU Arm Cross Create Flash Image
arm-none-eabi-objcopy -O ihex "tiva.elf"  "tiva.hex"
Finished building: tiva.hex
 
Invoking: GNU Arm Cross Print Size
arm-none-eabi-size --format=berkeley "tiva.elf"
   text	   data	    bss	    dec	    hex	filename
   2680	      8	      0	   2688	    a80	tiva.elf
Finished building: tiva.siz
 
16:31:50 **** Incremental Build of configuration Debug for project tiva ****
make all 
Invoking: GNU Arm Cross Print Size
arm-none-eabi-size --format=berkeley "tiva.elf"
   text	   data	    bss	    dec	    hex	filename
   2680	      8	      0	   2688	    a80	tiva.elf
Finished building: tiva.siz
 
16:32:14 **** Incremental Build of configuration Debug for project tiva ****
make all 
Invoking: GNU Arm Cross Print Size
arm-none-eabi-size --format=berkeley "tiva.elf"
   text	   data	    bss	    dec	    hex	filename
   2680	      8	      0	   2688	    a80	tiva.elf
Finished building: tiva.siz
 
16:32:24 **** Incremental Build of configuration Debug for project tiva ****
make all 
Invoking: GNU Arm Cross Print Size
arm-none-eabi-size --format=berkeley "tiva.elf"
   text	   data	    bss	    dec	    hex	filename
   2680	      8	      0	   2688	    a80	tiva.elf
Finished building: tiva.siz
 
16:32:32 **** Incremental Build of configuration Debug for project tiva ****
make all 
Invoking: GNU Arm Cross Print Size
arm-none-eabi-size --format=berkeley "tiva.elf"
   text	   data	    bss	    dec	    hex	filename
   2680	      8	      0	   2688	    a80	tiva.elf
Finished building: tiva.siz
 
16:32:45 **** Incremental Build of configuration Debug for project tiva ****
make all 
Invoking: GNU Arm Cross Print Size
arm-none-eabi-size --format=berkeley "tiva.elf"
   text	   data	    bss	    dec	    hex	filename
   2680	      8	      0	   2688	    a80	tiva.elf
Finished building: tiva.siz
 
16:32:55 **** Incremental Build of configuration Debug for project tiva ****
make all 
Invoking: GNU Arm Cross Print Size
arm-none-eabi-size --format=berkeley "tiva.elf"
   text	   data	    bss	    dec	    hex	filename
   2680	      8	      0	   2688	    a80	tiva.elf
Finished building: tiva.siz
 
16:35:14 **** Incremental Build of configuration Debug for project tiva ****
make all 
Invoking: GNU Arm Cross Print Size
arm-none-eabi-size --format=berkeley "tiva.elf"
   text	   data	    bss	    dec	    hex	filename
   2680	      8	      0	   2688	    a80	tiva.elf
Finished building: tiva.siz
 
16:35:59 **** Incremental Build of configuration Debug for project tiva ****
make all 
Invoking: GNU Arm Cross Print Size
arm-none-eabi-size --format=berkeley "tiva.elf"
   text	   data	    bss	    dec	    hex	filename
   2680	      8	      0	   2688	    a80	tiva.elf
Finished building: tiva.siz
 
16:46:36 **** Incremental Build of configuration Debug for project tiva ****
make all 
Invoking: GNU Arm Cross Print Size
arm-none-eabi-size --format=berkeley "tiva.elf"
   text	   data	    bss	    dec	    hex	filename
   2680	      8	      0	   2688	    a80	tiva.elf
Finished building: tiva.siz
 
16:47:26 **** Incremental Build of configuration Debug for project tiva ****
make all 
Invoking: GNU Arm Cross Print Size
arm-none-eabi-size --format=berkeley "tiva.elf"
   text	   data	    bss	    dec	    hex	filename
   2680	      8	      0	   2688	    a80	tiva.elf
Finished building: tiva.siz
 
