12:44:53 **** Incremental Build of configuration Debug for project tiva ****
make all 
Building file: ../bsp.c
Invoking: GNU Arm Cross C Compiler
arm-none-eabi-gcc -mcpu=cortex-m4 -mthumb -mlittle-endian -O0 -fmessage-length=0 -fsigned-char -ffunction-sections -fdata-sections -Wall  -g3 -DTM4C123GH6PM -std=gnu11 -MMD -MP -MF"bsp.d" -MT"bsp.o" -c -o "bsp.o" "../bsp.c"
Finished building: ../bsp.c
 
Building file: ../main.c
Invoking: GNU Arm Cross C Compiler
arm-none-eabi-gcc -mcpu=cortex-m4 -mthumb -mlittle-endian -O0 -fmessage-length=0 -fsigned-char -ffunction-sections -fdata-sections -Wall  -g3 -DTM4C123GH6PM -std=gnu11 -MMD -MP -MF"main.d" -MT"main.o" -c -o "main.o" "../main.c"
Finished building: ../main.c
 
Building file: ../startup_TM4C123.c
Invoking: GNU Arm Cross C Compiler
arm-none-eabi-gcc -mcpu=cortex-m4 -mthumb -mlittle-endian -O0 -fmessage-length=0 -fsigned-char -ffunction-sections -fdata-sections -Wall  -g3 -DTM4C123GH6PM -std=gnu11 -MMD -MP -MF"startup_TM4C123.d" -MT"startup_TM4C123.o" -c -o "startup_TM4C123.o" "../startup_TM4C123.c"
Finished building: ../startup_TM4C123.c
 
Building file: ../system_TM4C123.c
Invoking: GNU Arm Cross C Compiler
arm-none-eabi-gcc -mcpu=cortex-m4 -mthumb -mlittle-endian -O0 -fmessage-length=0 -fsigned-char -ffunction-sections -fdata-sections -Wall  -g3 -DTM4C123GH6PM -std=gnu11 -MMD -MP -MF"system_TM4C123.d" -MT"system_TM4C123.o" -c -o "system_TM4C123.o" "../system_TM4C123.c"
Finished building: ../system_TM4C123.c
 
Building target: tiva.elf
Invoking: GNU Arm Cross C Linker
arm-none-eabi-gcc -mcpu=cortex-m4 -mthumb -mlittle-endian -O0 -fmessage-length=0 -fsigned-char -ffunction-sections -fdata-sections -Wall  -g3 -T "/home/vksalian/Desktop/Practice_2021/baremetal_tiva_TM4C123GH6PM_IDE/eclipse_workspace/tiva/tm4c123gh6pm.ld" -nostdlib -Wl,-Map,"tiva.map" -o "tiva.elf"  ./bsp.o ./main.o ./startup_TM4C123.o ./system_TM4C123.o   
Finished building target: tiva.elf
 
Invoking: GNU Arm Cross Create Flash Image
arm-none-eabi-objcopy -O ihex "tiva.elf"  "tiva.hex"
Finished building: tiva.hex
 
Invoking: GNU Arm Cross Print Size
arm-none-eabi-size --format=berkeley "tiva.elf"
   text	   data	    bss	    dec	    hex	filename
   3140	      4	     12	   3156	    c54	tiva.elf
Finished building: tiva.siz
 

12:44:53 Build Finished. 0 errors, 0 warnings. (took 605ms)

