
Discarded input sections

 .group         0x0000000000000000        0xc ./bsp.o
 .group         0x0000000000000000        0xc ./bsp.o
 .group         0x0000000000000000        0xc ./bsp.o
 .group         0x0000000000000000        0xc ./bsp.o
 .group         0x0000000000000000        0xc ./bsp.o
 .group         0x0000000000000000        0xc ./bsp.o
 .group         0x0000000000000000        0xc ./bsp.o
 .group         0x0000000000000000        0xc ./bsp.o
 .group         0x0000000000000000        0xc ./bsp.o
 .group         0x0000000000000000        0xc ./bsp.o
 .group         0x0000000000000000        0xc ./bsp.o
 .group         0x0000000000000000        0xc ./bsp.o
 .group         0x0000000000000000        0xc ./bsp.o
 .group         0x0000000000000000        0xc ./main.o
 .group         0x0000000000000000        0xc ./main.o
 .group         0x0000000000000000        0xc ./main.o
 .group         0x0000000000000000        0xc ./main.o
 .group         0x0000000000000000        0xc ./main.o
 .group         0x0000000000000000        0xc ./main.o
 .group         0x0000000000000000        0xc ./main.o
 .group         0x0000000000000000        0xc ./main.o
 .group         0x0000000000000000        0xc ./main.o
 .group         0x0000000000000000        0xc ./main.o
 .group         0x0000000000000000        0xc ./main.o
 .group         0x0000000000000000        0xc ./main.o
 .group         0x0000000000000000        0xc ./main.o
 .debug_macro   0x0000000000000000      0xa5a ./main.o
 .debug_macro   0x0000000000000000       0x22 ./main.o
 .debug_macro   0x0000000000000000       0x8e ./main.o
 .debug_macro   0x0000000000000000       0x51 ./main.o
 .debug_macro   0x0000000000000000      0x103 ./main.o
 .debug_macro   0x0000000000000000       0x6a ./main.o
 .debug_macro   0x0000000000000000      0x1df ./main.o
 .debug_macro   0x0000000000000000       0x2d ./main.o
 .debug_macro   0x0000000000000000       0x50 ./main.o
 .debug_macro   0x0000000000000000      0xe66 ./main.o
 .debug_macro   0x0000000000000000      0x330 ./main.o
 .debug_macro   0x0000000000000000       0x34 ./main.o
 .group         0x0000000000000000        0xc ./startup_TM4C123.o
 .group         0x0000000000000000        0xc ./startup_TM4C123.o
 .group         0x0000000000000000        0xc ./startup_TM4C123.o
 .group         0x0000000000000000        0xc ./startup_TM4C123.o
 .group         0x0000000000000000        0xc ./startup_TM4C123.o
 .group         0x0000000000000000        0xc ./startup_TM4C123.o
 .group         0x0000000000000000        0xc ./startup_TM4C123.o
 .group         0x0000000000000000        0xc ./startup_TM4C123.o
 .group         0x0000000000000000        0xc ./startup_TM4C123.o
 .group         0x0000000000000000        0xc ./startup_TM4C123.o
 .group         0x0000000000000000        0xc ./startup_TM4C123.o
 .group         0x0000000000000000        0xc ./startup_TM4C123.o
 .debug_macro   0x0000000000000000      0xa5a ./startup_TM4C123.o
 .debug_macro   0x0000000000000000       0x22 ./startup_TM4C123.o
 .debug_macro   0x0000000000000000       0x8e ./startup_TM4C123.o
 .debug_macro   0x0000000000000000       0x51 ./startup_TM4C123.o
 .debug_macro   0x0000000000000000      0x103 ./startup_TM4C123.o
 .debug_macro   0x0000000000000000       0x6a ./startup_TM4C123.o
 .debug_macro   0x0000000000000000      0x1df ./startup_TM4C123.o
 .debug_macro   0x0000000000000000       0x2d ./startup_TM4C123.o
 .debug_macro   0x0000000000000000       0x3b ./startup_TM4C123.o
 .debug_macro   0x0000000000000000       0x50 ./startup_TM4C123.o
 .debug_macro   0x0000000000000000      0xe66 ./startup_TM4C123.o
 .debug_macro   0x0000000000000000      0x330 ./startup_TM4C123.o
 .group         0x0000000000000000        0xc ./system_TM4C123.o
 .group         0x0000000000000000        0xc ./system_TM4C123.o
 .group         0x0000000000000000        0xc ./system_TM4C123.o
 .group         0x0000000000000000        0xc ./system_TM4C123.o
 .group         0x0000000000000000        0xc ./system_TM4C123.o
 .group         0x0000000000000000        0xc ./system_TM4C123.o
 .group         0x0000000000000000        0xc ./system_TM4C123.o
 .group         0x0000000000000000        0xc ./system_TM4C123.o
 .group         0x0000000000000000        0xc ./system_TM4C123.o
 .group         0x0000000000000000        0xc ./system_TM4C123.o
 .group         0x0000000000000000        0xc ./system_TM4C123.o
 .group         0x0000000000000000        0xc ./system_TM4C123.o
 .debug_macro   0x0000000000000000      0xa5a ./system_TM4C123.o
 .debug_macro   0x0000000000000000       0x22 ./system_TM4C123.o
 .debug_macro   0x0000000000000000       0x8e ./system_TM4C123.o
 .debug_macro   0x0000000000000000       0x51 ./system_TM4C123.o
 .debug_macro   0x0000000000000000      0x103 ./system_TM4C123.o
 .debug_macro   0x0000000000000000       0x6a ./system_TM4C123.o
 .debug_macro   0x0000000000000000      0x1df ./system_TM4C123.o
 .debug_macro   0x0000000000000000       0x2d ./system_TM4C123.o
 .debug_macro   0x0000000000000000       0x3b ./system_TM4C123.o
 .debug_macro   0x0000000000000000       0x50 ./system_TM4C123.o
 .debug_macro   0x0000000000000000      0xe66 ./system_TM4C123.o
 .debug_macro   0x0000000000000000      0x330 ./system_TM4C123.o

Memory Configuration

Name             Origin             Length             Attributes
FLASH            0x0000000000000000 0x0000000000040000 xr
SRAM             0x0000000020000000 0x0000000000008000 xrw
*default*        0x0000000000000000 0xffffffffffffffff

Linker script and memory map

LOAD ./bsp.o
LOAD ./main.o
LOAD ./startup_TM4C123.o
LOAD ./system_TM4C123.o

.text           0x0000000000000000      0xc44
 *(.isr_vector)
 .isr_vector    0x0000000000000000      0x26c ./startup_TM4C123.o
                0x0000000000000000                vectors
 *(.text)
 .text          0x000000000000026c        0x0 ./bsp.o
 .text          0x000000000000026c        0x0 ./main.o
 .text          0x000000000000026c        0x0 ./startup_TM4C123.o
 .text          0x000000000000026c        0x0 ./system_TM4C123.o
 *(.text.*)
 .text.NVIC_SystemReset
                0x000000000000026c       0x30 ./bsp.o
 .text.SysTick_Handler
                0x000000000000029c       0x1c ./bsp.o
                0x000000000000029c                SysTick_Handler
 .text.BSP_tickCtr
                0x00000000000002b8       0x24 ./bsp.o
                0x00000000000002b8                BSP_tickCtr
 .text.BSP_delay
                0x00000000000002dc       0x2a ./bsp.o
                0x00000000000002dc                BSP_delay
 *fill*         0x0000000000000306        0x2 
 .text.BSP_SysTick_Config
                0x0000000000000308       0x3c ./bsp.o
                0x0000000000000308                BSP_SysTick_Config
 .text.BSP_init
                0x0000000000000344       0x60 ./bsp.o
                0x0000000000000344                BSP_init
 .text.BSP_led_apb_dir
                0x00000000000003a4       0x4c ./bsp.o
                0x00000000000003a4                BSP_led_apb_dir
 .text.BSP_led_apb_dig_en
                0x00000000000003f0       0x4c ./bsp.o
                0x00000000000003f0                BSP_led_apb_dig_en
 .text.BSP_led_apb_toggle
                0x000000000000043c       0x4c ./bsp.o
                0x000000000000043c                BSP_led_apb_toggle
 .text.BSP_led_apb_on
                0x0000000000000488       0x40 ./bsp.o
                0x0000000000000488                BSP_led_apb_on
 .text.BSP_led_apb_off
                0x00000000000004c8       0x44 ./bsp.o
                0x00000000000004c8                BSP_led_apb_off
 .text.BSP_led_apb_off_all
                0x000000000000050c       0x44 ./bsp.o
                0x000000000000050c                BSP_led_apb_off_all
 .text.BSP_led_ahb_dir
                0x0000000000000550       0x4c ./bsp.o
                0x0000000000000550                BSP_led_ahb_dir
 .text.BSP_led_ahb_dig_en
                0x000000000000059c       0x4c ./bsp.o
                0x000000000000059c                BSP_led_ahb_dig_en
 .text.BSP_led_ahb_toggle
                0x00000000000005e8       0x4c ./bsp.o
                0x00000000000005e8                BSP_led_ahb_toggle
 .text.BSP_led_ahb_on
                0x0000000000000634       0x40 ./bsp.o
                0x0000000000000634                BSP_led_ahb_on
 .text.BSP_led_ahb_off
                0x0000000000000674       0x44 ./bsp.o
                0x0000000000000674                BSP_led_ahb_off
 .text.BSP_led_ahb_off_all
                0x00000000000006b8       0x44 ./bsp.o
                0x00000000000006b8                BSP_led_ahb_off_all
 .text.assert_failed
                0x00000000000006fc        0x6 ./bsp.o
                0x00000000000006fc                assert_failed
 *fill*         0x0000000000000702        0x2 
 .text.main     0x0000000000000704       0x98 ./main.o
                0x0000000000000704                main
 .text.Reset_Handler
                0x000000000000079c       0xa0 ./startup_TM4C123.o
                0x000000000000079c                Reset_Handler
 .text.NMI_Handler
                0x000000000000083c       0x18 ./startup_TM4C123.o
                0x000000000000083c                NMI_Handler
 .text.MemManage_Handler
                0x0000000000000854       0x1c ./startup_TM4C123.o
                0x0000000000000854                MemManage_Handler
 .text.HardFault_Handler
                0x0000000000000870       0x1c ./startup_TM4C123.o
                0x0000000000000870                HardFault_Handler
 .text.BusFault_Handler
                0x000000000000088c       0x1c ./startup_TM4C123.o
                0x000000000000088c                BusFault_Handler
 .text.UsageFault_Handler
                0x00000000000008a8       0x20 ./startup_TM4C123.o
                0x00000000000008a8                UsageFault_Handler
 .text.Default_Handler
                0x00000000000008c8       0x1c ./startup_TM4C123.o
                0x00000000000008c8                FLASH_Handler
                0x00000000000008c8                TIMER5B_Handler
                0x00000000000008c8                DebugMon_Handler
                0x00000000000008c8                UART3_Handler
                0x00000000000008c8                I2C0_Handler
                0x00000000000008c8                PWM1_2_Handler
                0x00000000000008c8                UART2_Handler
                0x00000000000008c8                I2C1_Handler
                0x00000000000008c8                PendSV_Handler
                0x00000000000008c8                TIMER2B_Handler
                0x00000000000008c8                WTIMER1A_Handler
                0x00000000000008c8                PWM0_3_Handler
                0x00000000000008c8                USB0_Handler
                0x00000000000008c8                WTIMER2B_Handler
                0x00000000000008c8                SSI1_Handler
                0x00000000000008c8                COMP0_Handler
                0x00000000000008c8                ADC0SS0_Handler
                0x00000000000008c8                ADC1SS3_Handler
                0x00000000000008c8                ADC1SS2_Handler
                0x00000000000008c8                TIMER1B_Handler
                0x00000000000008c8                PWM1_1_Handler
                0x00000000000008c8                WTIMER2A_Handler
                0x00000000000008c8                ADC0SS3_Handler
                0x00000000000008c8                WDT_Handler
                0x00000000000008c8                CAN0_Handler
                0x00000000000008c8                PWM0_1_Handler
                0x00000000000008c8                UART1_Handler
                0x00000000000008c8                SSI2_Handler
                0x00000000000008c8                GPIOF_Handler
                0x00000000000008c8                ADC0SS1_Handler
                0x00000000000008c8                UDMAERR_Handler
                0x00000000000008c8                GPIOD_Handler
                0x00000000000008c8                SSI3_Handler
                0x00000000000008c8                PWM1_FAULT_Handler
                0x00000000000008c8                GPIOE_Handler
                0x00000000000008c8                ADC1SS1_Handler
                0x00000000000008c8                GPIOC_Handler
                0x00000000000008c8                UART4_Handler
                0x00000000000008c8                TIMER1A_Handler
                0x00000000000008c8                UART6_Handler
                0x00000000000008c8                Default_Handler
                0x00000000000008c8                GPIOA_Handler
                0x00000000000008c8                TIMER2A_Handler
                0x00000000000008c8                PMW1_0_Handler
                0x00000000000008c8                PMW0_FAULT_Handler
                0x00000000000008c8                UDMA_Handler
                0x00000000000008c8                WTIMER3B_Handler
                0x00000000000008c8                TIMER4B_Handler
                0x00000000000008c8                WTIMER0B_Handler
                0x00000000000008c8                CAN1_Handler
                0x00000000000008c8                UART7_Handler
                0x00000000000008c8                I2C2_Handler
                0x00000000000008c8                SVC_Handler
                0x00000000000008c8                QEI0_Handler
                0x00000000000008c8                GPIOB_Handler
                0x00000000000008c8                SYSCTL_Handler
                0x00000000000008c8                TIMER0B_Handler
                0x00000000000008c8                QEI1_Handler
                0x00000000000008c8                WTIMER1B_Handler
                0x00000000000008c8                TIMER4A_Handler
                0x00000000000008c8                TIMER3A_Handler
                0x00000000000008c8                ADC0SS2_Handler
                0x00000000000008c8                PWM1_3_Handler
                0x00000000000008c8                WTIMER0A_Handler
                0x00000000000008c8                TIMER5A_Handler
                0x00000000000008c8                WTIMER5B_Handler
                0x00000000000008c8                UART5_Handler
                0x00000000000008c8                UART0_Handler
                0x00000000000008c8                PWM0_0_Handler
                0x00000000000008c8                I2C3_Handler
                0x00000000000008c8                ADC1SS0_Handler
                0x00000000000008c8                TIMER3B_Handler
                0x00000000000008c8                WTIMER5A_Handler
                0x00000000000008c8                SSI0_Handler
                0x00000000000008c8                FPU_Handler
                0x00000000000008c8                COMP1_Handler
                0x00000000000008c8                TIMER0A_Handler
                0x00000000000008c8                WTIMER3A_Handler
                0x00000000000008c8                WTIMER4A_Handler
                0x00000000000008c8                HIB_Handler
                0x00000000000008c8                PWM0_2_Handler
                0x00000000000008c8                WTIMER4B_Handler
 .text.getOscClk
                0x00000000000008e4      0x194 ./system_TM4C123.o
 .text.SystemCoreClockUpdate
                0x0000000000000a78      0x118 ./system_TM4C123.o
                0x0000000000000a78                SystemCoreClockUpdate
 .text.SystemInit
                0x0000000000000b90       0xb4 ./system_TM4C123.o
                0x0000000000000b90                SystemInit
 *(.rodata)
 *(.rodata.*)
                0x0000000000000c44                . = ALIGN (0x4)
                0x0000000000000c44                _e_text = .

.glue_7         0x0000000000000c44        0x0
 .glue_7        0x0000000000000c44        0x0 linker stubs

.glue_7t        0x0000000000000c44        0x0
 .glue_7t       0x0000000000000c44        0x0 linker stubs

.vfp11_veneer   0x0000000000000c44        0x0
 .vfp11_veneer  0x0000000000000c44        0x0 linker stubs

.v4_bx          0x0000000000000c44        0x0
 .v4_bx         0x0000000000000c44        0x0 linker stubs

.iplt           0x0000000000000c44        0x0
 .iplt          0x0000000000000c44        0x0 ./bsp.o

.rel.dyn        0x0000000000000c44        0x0
 .rel.iplt      0x0000000000000c44        0x0 ./bsp.o

.data           0x0000000020000000        0x4 load address 0x0000000000000c44
                0x0000000020000000                _s_data = .
 *(.data)
 .data          0x0000000020000000        0x0 ./bsp.o
 .data          0x0000000020000000        0x0 ./main.o
 .data          0x0000000020000000        0x0 ./startup_TM4C123.o
 .data          0x0000000020000000        0x0 ./system_TM4C123.o
 *(.data.*)
 .data.SystemCoreClock
                0x0000000020000000        0x4 ./system_TM4C123.o
                0x0000000020000000                SystemCoreClock
                0x0000000020000004                . = ALIGN (0x4)
                0x0000000020000004                _e_data = .

.igot.plt       0x0000000020000004        0x0 load address 0x0000000000000c48
 .igot.plt      0x0000000020000004        0x0 ./bsp.o

.bss            0x0000000020000004        0xc load address 0x0000000000000c48
                0x0000000020000004                _s_bss = .
 *(.bss)
 .bss           0x0000000020000004        0x0 ./bsp.o
 .bss           0x0000000020000004        0x0 ./main.o
 .bss           0x0000000020000004        0x0 ./startup_TM4C123.o
 .bss           0x0000000020000004        0x0 ./system_TM4C123.o
 *(.bss.*)
 .bss.l_tickCtr
                0x0000000020000004        0x4 ./bsp.o
 .bss.state.1   0x0000000020000008        0x1 ./main.o
 *fill*         0x0000000020000009        0x3 
 .bss.start.0   0x000000002000000c        0x4 ./main.o
 *(COMMON*)
                0x0000000020000010                . = ALIGN (0x4)
                0x0000000020000010                _e_bss = .
OUTPUT(tiva.elf elf32-littlearm)
LOAD linker stubs

.debug_info     0x0000000000000000     0x2588
 .debug_info    0x0000000000000000     0x14f4 ./bsp.o
 .debug_info    0x00000000000014f4      0x10d ./main.o
 .debug_info    0x0000000000001601      0x20e ./startup_TM4C123.o
 .debug_info    0x000000000000180f      0xd79 ./system_TM4C123.o

.debug_abbrev   0x0000000000000000      0x568
 .debug_abbrev  0x0000000000000000      0x277 ./bsp.o
 .debug_abbrev  0x0000000000000277       0xa3 ./main.o
 .debug_abbrev  0x000000000000031a       0xe9 ./startup_TM4C123.o
 .debug_abbrev  0x0000000000000403      0x165 ./system_TM4C123.o

.debug_aranges  0x0000000000000000      0x150
 .debug_aranges
                0x0000000000000000       0xb0 ./bsp.o
 .debug_aranges
                0x00000000000000b0       0x20 ./main.o
 .debug_aranges
                0x00000000000000d0       0x50 ./startup_TM4C123.o
 .debug_aranges
                0x0000000000000120       0x30 ./system_TM4C123.o

.debug_ranges   0x0000000000000000      0x110
 .debug_ranges  0x0000000000000000       0xa0 ./bsp.o
 .debug_ranges  0x00000000000000a0       0x10 ./main.o
 .debug_ranges  0x00000000000000b0       0x40 ./startup_TM4C123.o
 .debug_ranges  0x00000000000000f0       0x20 ./system_TM4C123.o

.debug_macro    0x0000000000000000     0x255c
 .debug_macro   0x0000000000000000       0xd8 ./bsp.o
 .debug_macro   0x00000000000000d8      0xa5a ./bsp.o
 .debug_macro   0x0000000000000b32       0x2d ./bsp.o
 .debug_macro   0x0000000000000b5f       0x22 ./bsp.o
 .debug_macro   0x0000000000000b81       0x8e ./bsp.o
 .debug_macro   0x0000000000000c0f       0x51 ./bsp.o
 .debug_macro   0x0000000000000c60      0x103 ./bsp.o
 .debug_macro   0x0000000000000d63       0x6a ./bsp.o
 .debug_macro   0x0000000000000dcd      0x1df ./bsp.o
 .debug_macro   0x0000000000000fac       0x35 ./bsp.o
 .debug_macro   0x0000000000000fe1       0x50 ./bsp.o
 .debug_macro   0x0000000000001031      0xe66 ./bsp.o
 .debug_macro   0x0000000000001e97      0x330 ./bsp.o
 .debug_macro   0x00000000000021c7       0x34 ./bsp.o
 .debug_macro   0x00000000000021fb       0xd2 ./main.o
 .debug_macro   0x00000000000022cd       0x3b ./main.o
 .debug_macro   0x0000000000002308       0xdb ./startup_TM4C123.o
 .debug_macro   0x00000000000023e3      0x179 ./system_TM4C123.o

.debug_line     0x0000000000000000     0x13e4
 .debug_line    0x0000000000000000      0x694 ./bsp.o
 .debug_line    0x0000000000000694      0x395 ./main.o
 .debug_line    0x0000000000000a29      0x45b ./startup_TM4C123.o
 .debug_line    0x0000000000000e84      0x560 ./system_TM4C123.o

.debug_str      0x0000000000000000     0xaa61
 .debug_str     0x0000000000000000     0xa53c ./bsp.o
                                       0xa6f4 (size before relaxing)
 .debug_str     0x000000000000a53c       0x30 ./main.o
                                       0x9eac (size before relaxing)
 .debug_str     0x000000000000a56c      0x12b ./startup_TM4C123.o
                                       0x9f04 (size before relaxing)
 .debug_str     0x000000000000a697      0x3ca ./system_TM4C123.o
                                       0xa757 (size before relaxing)

.comment        0x0000000000000000       0x4d
 .comment       0x0000000000000000       0x4d ./bsp.o
                                         0x4e (size before relaxing)
 .comment       0x000000000000004d       0x4e ./main.o
 .comment       0x000000000000004d       0x4e ./startup_TM4C123.o
 .comment       0x000000000000004d       0x4e ./system_TM4C123.o

.ARM.attributes
                0x0000000000000000       0x2e
 .ARM.attributes
                0x0000000000000000       0x2e ./bsp.o
 .ARM.attributes
                0x000000000000002e       0x2e ./main.o
 .ARM.attributes
                0x000000000000005c       0x2e ./startup_TM4C123.o
 .ARM.attributes
                0x000000000000008a       0x2e ./system_TM4C123.o

.debug_frame    0x0000000000000000      0x40c
 .debug_frame   0x0000000000000000      0x2c8 ./bsp.o
 .debug_frame   0x00000000000002c8       0x2c ./main.o
 .debug_frame   0x00000000000002f4       0x94 ./startup_TM4C123.o
 .debug_frame   0x0000000000000388       0x84 ./system_TM4C123.o
