
Discarded input sections

 .group         0x0000000000000000        0xc ./bsp.o
 .group         0x0000000000000000        0xc ./bsp.o
 .group         0x0000000000000000        0xc ./bsp.o
 .group         0x0000000000000000        0xc ./bsp.o
 .group         0x0000000000000000        0xc ./bsp.o
 .group         0x0000000000000000        0xc ./bsp.o
 .group         0x0000000000000000        0xc ./bsp.o
 .group         0x0000000000000000        0xc ./bsp.o
 .group         0x0000000000000000        0xc ./bsp.o
 .group         0x0000000000000000        0xc ./bsp.o
 .group         0x0000000000000000        0xc ./bsp.o
 .group         0x0000000000000000        0xc ./bsp.o
 .group         0x0000000000000000        0xc ./bsp.o
 .group         0x0000000000000000        0xc ./main.o
 .group         0x0000000000000000        0xc ./main.o
 .group         0x0000000000000000        0xc ./main.o
 .group         0x0000000000000000        0xc ./main.o
 .group         0x0000000000000000        0xc ./main.o
 .group         0x0000000000000000        0xc ./main.o
 .group         0x0000000000000000        0xc ./main.o
 .group         0x0000000000000000        0xc ./main.o
 .group         0x0000000000000000        0xc ./main.o
 .group         0x0000000000000000        0xc ./main.o
 .group         0x0000000000000000        0xc ./main.o
 .group         0x0000000000000000        0xc ./main.o
 .group         0x0000000000000000        0xc ./main.o
 .debug_macro   0x0000000000000000      0xa5a ./main.o
 .debug_macro   0x0000000000000000       0x22 ./main.o
 .debug_macro   0x0000000000000000       0x8e ./main.o
 .debug_macro   0x0000000000000000       0x51 ./main.o
 .debug_macro   0x0000000000000000      0x103 ./main.o
 .debug_macro   0x0000000000000000       0x6a ./main.o
 .debug_macro   0x0000000000000000      0x1df ./main.o
 .debug_macro   0x0000000000000000       0x2d ./main.o
 .debug_macro   0x0000000000000000       0x50 ./main.o
 .debug_macro   0x0000000000000000      0xe66 ./main.o
 .debug_macro   0x0000000000000000      0x330 ./main.o
 .debug_macro   0x0000000000000000       0x34 ./main.o
 .group         0x0000000000000000        0xc ./startup_TM4C123.o
 .group         0x0000000000000000        0xc ./startup_TM4C123.o
 .group         0x0000000000000000        0xc ./startup_TM4C123.o
 .group         0x0000000000000000        0xc ./startup_TM4C123.o
 .group         0x0000000000000000        0xc ./startup_TM4C123.o
 .group         0x0000000000000000        0xc ./startup_TM4C123.o
 .group         0x0000000000000000        0xc ./startup_TM4C123.o
 .group         0x0000000000000000        0xc ./startup_TM4C123.o
 .group         0x0000000000000000        0xc ./startup_TM4C123.o
 .group         0x0000000000000000        0xc ./startup_TM4C123.o
 .group         0x0000000000000000        0xc ./startup_TM4C123.o
 .group         0x0000000000000000        0xc ./startup_TM4C123.o
 .debug_macro   0x0000000000000000      0xa5a ./startup_TM4C123.o
 .debug_macro   0x0000000000000000       0x22 ./startup_TM4C123.o
 .debug_macro   0x0000000000000000       0x8e ./startup_TM4C123.o
 .debug_macro   0x0000000000000000       0x51 ./startup_TM4C123.o
 .debug_macro   0x0000000000000000      0x103 ./startup_TM4C123.o
 .debug_macro   0x0000000000000000       0x6a ./startup_TM4C123.o
 .debug_macro   0x0000000000000000      0x1df ./startup_TM4C123.o
 .debug_macro   0x0000000000000000       0x2d ./startup_TM4C123.o
 .debug_macro   0x0000000000000000       0x3b ./startup_TM4C123.o
 .debug_macro   0x0000000000000000       0x50 ./startup_TM4C123.o
 .debug_macro   0x0000000000000000      0xe66 ./startup_TM4C123.o
 .debug_macro   0x0000000000000000      0x330 ./startup_TM4C123.o
 .group         0x0000000000000000        0xc ./system_TM4C123.o
 .group         0x0000000000000000        0xc ./system_TM4C123.o
 .group         0x0000000000000000        0xc ./system_TM4C123.o
 .group         0x0000000000000000        0xc ./system_TM4C123.o
 .group         0x0000000000000000        0xc ./system_TM4C123.o
 .group         0x0000000000000000        0xc ./system_TM4C123.o
 .group         0x0000000000000000        0xc ./system_TM4C123.o
 .group         0x0000000000000000        0xc ./system_TM4C123.o
 .group         0x0000000000000000        0xc ./system_TM4C123.o
 .group         0x0000000000000000        0xc ./system_TM4C123.o
 .group         0x0000000000000000        0xc ./system_TM4C123.o
 .group         0x0000000000000000        0xc ./system_TM4C123.o
 .debug_macro   0x0000000000000000      0xa5a ./system_TM4C123.o
 .debug_macro   0x0000000000000000       0x22 ./system_TM4C123.o
 .debug_macro   0x0000000000000000       0x8e ./system_TM4C123.o
 .debug_macro   0x0000000000000000       0x51 ./system_TM4C123.o
 .debug_macro   0x0000000000000000      0x103 ./system_TM4C123.o
 .debug_macro   0x0000000000000000       0x6a ./system_TM4C123.o
 .debug_macro   0x0000000000000000      0x1df ./system_TM4C123.o
 .debug_macro   0x0000000000000000       0x2d ./system_TM4C123.o
 .debug_macro   0x0000000000000000       0x3b ./system_TM4C123.o
 .debug_macro   0x0000000000000000       0x50 ./system_TM4C123.o
 .debug_macro   0x0000000000000000      0xe66 ./system_TM4C123.o
 .debug_macro   0x0000000000000000      0x330 ./system_TM4C123.o

Memory Configuration

Name             Origin             Length             Attributes
FLASH            0x0000000000000000 0x0000000000040000 xr
SRAM             0x0000000020000000 0x0000000000008000 xrw
*default*        0x0000000000000000 0xffffffffffffffff

Linker script and memory map

LOAD ./bsp.o
LOAD ./main.o
LOAD ./startup_TM4C123.o
LOAD ./system_TM4C123.o

.text           0x0000000000000000      0xbd0
 *(.isr_vector)
 .isr_vector    0x0000000000000000      0x26c ./startup_TM4C123.o
                0x0000000000000000                vectors
 *(.text)
 .text          0x000000000000026c        0x0 ./bsp.o
 .text          0x000000000000026c        0x0 ./main.o
 .text          0x000000000000026c        0x0 ./startup_TM4C123.o
 .text          0x000000000000026c        0x0 ./system_TM4C123.o
 *(.text.*)
 .text.NVIC_SystemReset
                0x000000000000026c       0x30 ./bsp.o
 .text.SysTick_Handler
                0x000000000000029c       0x1c ./bsp.o
                0x000000000000029c                SysTick_Handler
 .text.BSP_tickCtr
                0x00000000000002b8       0x24 ./bsp.o
                0x00000000000002b8                BSP_tickCtr
 .text.BSP_delay
                0x00000000000002dc       0x2a ./bsp.o
                0x00000000000002dc                BSP_delay
 *fill*         0x0000000000000306        0x2 
 .text.BSP_SysTick_Config
                0x0000000000000308       0x3c ./bsp.o
                0x0000000000000308                BSP_SysTick_Config
 .text.BSP_init
                0x0000000000000344       0x60 ./bsp.o
                0x0000000000000344                BSP_init
 .text.BSP_led_apb_dir
                0x00000000000003a4       0x4c ./bsp.o
                0x00000000000003a4                BSP_led_apb_dir
 .text.BSP_led_apb_dig_en
                0x00000000000003f0       0x4c ./bsp.o
                0x00000000000003f0                BSP_led_apb_dig_en
 .text.BSP_led_apb_toggle
                0x000000000000043c       0x4c ./bsp.o
                0x000000000000043c                BSP_led_apb_toggle
 .text.BSP_led_apb_on
                0x0000000000000488       0x40 ./bsp.o
                0x0000000000000488                BSP_led_apb_on
 .text.BSP_led_apb_off
                0x00000000000004c8       0x44 ./bsp.o
                0x00000000000004c8                BSP_led_apb_off
 .text.BSP_led_apb_off_all
                0x000000000000050c       0x44 ./bsp.o
                0x000000000000050c                BSP_led_apb_off_all
 .text.BSP_led_ahb_dir
                0x0000000000000550       0x4c ./bsp.o
                0x0000000000000550                BSP_led_ahb_dir
 .text.BSP_led_ahb_dig_en
                0x000000000000059c       0x4c ./bsp.o
                0x000000000000059c                BSP_led_ahb_dig_en
 .text.BSP_led_ahb_toggle
                0x00000000000005e8       0x4c ./bsp.o
                0x00000000000005e8                BSP_led_ahb_toggle
 .text.BSP_led_ahb_on
                0x0000000000000634       0x40 ./bsp.o
                0x0000000000000634                BSP_led_ahb_on
 .text.BSP_led_ahb_off
                0x0000000000000674       0x44 ./bsp.o
                0x0000000000000674                BSP_led_ahb_off
 .text.BSP_led_ahb_off_all
                0x00000000000006b8       0x44 ./bsp.o
                0x00000000000006b8                BSP_led_ahb_off_all
 .text.assert_failed
                0x00000000000006fc        0x6 ./bsp.o
                0x00000000000006fc                assert_failed
 .text.main     0x0000000000000702       0x26 ./main.o
                0x0000000000000702                main
 .text.Reset_Handler
                0x0000000000000728       0xa0 ./startup_TM4C123.o
                0x0000000000000728                Reset_Handler
 .text.NMI_Handler
                0x00000000000007c8       0x18 ./startup_TM4C123.o
                0x00000000000007c8                NMI_Handler
 .text.MemManage_Handler
                0x00000000000007e0       0x1c ./startup_TM4C123.o
                0x00000000000007e0                MemManage_Handler
 .text.HardFault_Handler
                0x00000000000007fc       0x1c ./startup_TM4C123.o
                0x00000000000007fc                HardFault_Handler
 .text.BusFault_Handler
                0x0000000000000818       0x1c ./startup_TM4C123.o
                0x0000000000000818                BusFault_Handler
 .text.UsageFault_Handler
                0x0000000000000834       0x20 ./startup_TM4C123.o
                0x0000000000000834                UsageFault_Handler
 .text.Default_Handler
                0x0000000000000854       0x1c ./startup_TM4C123.o
                0x0000000000000854                FLASH_Handler
                0x0000000000000854                TIMER5B_Handler
                0x0000000000000854                DebugMon_Handler
                0x0000000000000854                UART3_Handler
                0x0000000000000854                I2C0_Handler
                0x0000000000000854                PWM1_2_Handler
                0x0000000000000854                UART2_Handler
                0x0000000000000854                I2C1_Handler
                0x0000000000000854                PendSV_Handler
                0x0000000000000854                TIMER2B_Handler
                0x0000000000000854                WTIMER1A_Handler
                0x0000000000000854                PWM0_3_Handler
                0x0000000000000854                USB0_Handler
                0x0000000000000854                WTIMER2B_Handler
                0x0000000000000854                SSI1_Handler
                0x0000000000000854                COMP0_Handler
                0x0000000000000854                ADC0SS0_Handler
                0x0000000000000854                ADC1SS3_Handler
                0x0000000000000854                ADC1SS2_Handler
                0x0000000000000854                TIMER1B_Handler
                0x0000000000000854                PWM1_1_Handler
                0x0000000000000854                WTIMER2A_Handler
                0x0000000000000854                ADC0SS3_Handler
                0x0000000000000854                WDT_Handler
                0x0000000000000854                CAN0_Handler
                0x0000000000000854                PWM0_1_Handler
                0x0000000000000854                UART1_Handler
                0x0000000000000854                SSI2_Handler
                0x0000000000000854                GPIOF_Handler
                0x0000000000000854                ADC0SS1_Handler
                0x0000000000000854                UDMAERR_Handler
                0x0000000000000854                GPIOD_Handler
                0x0000000000000854                SSI3_Handler
                0x0000000000000854                PWM1_FAULT_Handler
                0x0000000000000854                GPIOE_Handler
                0x0000000000000854                ADC1SS1_Handler
                0x0000000000000854                GPIOC_Handler
                0x0000000000000854                UART4_Handler
                0x0000000000000854                TIMER1A_Handler
                0x0000000000000854                UART6_Handler
                0x0000000000000854                Default_Handler
                0x0000000000000854                GPIOA_Handler
                0x0000000000000854                TIMER2A_Handler
                0x0000000000000854                PMW1_0_Handler
                0x0000000000000854                PMW0_FAULT_Handler
                0x0000000000000854                UDMA_Handler
                0x0000000000000854                WTIMER3B_Handler
                0x0000000000000854                TIMER4B_Handler
                0x0000000000000854                WTIMER0B_Handler
                0x0000000000000854                CAN1_Handler
                0x0000000000000854                UART7_Handler
                0x0000000000000854                I2C2_Handler
                0x0000000000000854                SVC_Handler
                0x0000000000000854                QEI0_Handler
                0x0000000000000854                GPIOB_Handler
                0x0000000000000854                SYSCTL_Handler
                0x0000000000000854                TIMER0B_Handler
                0x0000000000000854                QEI1_Handler
                0x0000000000000854                WTIMER1B_Handler
                0x0000000000000854                TIMER4A_Handler
                0x0000000000000854                TIMER3A_Handler
                0x0000000000000854                ADC0SS2_Handler
                0x0000000000000854                PWM1_3_Handler
                0x0000000000000854                WTIMER0A_Handler
                0x0000000000000854                TIMER5A_Handler
                0x0000000000000854                WTIMER5B_Handler
                0x0000000000000854                UART5_Handler
                0x0000000000000854                UART0_Handler
                0x0000000000000854                PWM0_0_Handler
                0x0000000000000854                I2C3_Handler
                0x0000000000000854                ADC1SS0_Handler
                0x0000000000000854                TIMER3B_Handler
                0x0000000000000854                WTIMER5A_Handler
                0x0000000000000854                SSI0_Handler
                0x0000000000000854                FPU_Handler
                0x0000000000000854                COMP1_Handler
                0x0000000000000854                TIMER0A_Handler
                0x0000000000000854                WTIMER3A_Handler
                0x0000000000000854                WTIMER4A_Handler
                0x0000000000000854                HIB_Handler
                0x0000000000000854                PWM0_2_Handler
                0x0000000000000854                WTIMER4B_Handler
 .text.getOscClk
                0x0000000000000870      0x194 ./system_TM4C123.o
 .text.SystemCoreClockUpdate
                0x0000000000000a04      0x118 ./system_TM4C123.o
                0x0000000000000a04                SystemCoreClockUpdate
 .text.SystemInit
                0x0000000000000b1c       0xb4 ./system_TM4C123.o
                0x0000000000000b1c                SystemInit
 *(.rodata)
 *(.rodata.*)
                0x0000000000000bd0                . = ALIGN (0x4)
                0x0000000000000bd0                _e_text = .

.glue_7         0x0000000000000bd0        0x0
 .glue_7        0x0000000000000bd0        0x0 linker stubs

.glue_7t        0x0000000000000bd0        0x0
 .glue_7t       0x0000000000000bd0        0x0 linker stubs

.vfp11_veneer   0x0000000000000bd0        0x0
 .vfp11_veneer  0x0000000000000bd0        0x0 linker stubs

.v4_bx          0x0000000000000bd0        0x0
 .v4_bx         0x0000000000000bd0        0x0 linker stubs

.iplt           0x0000000000000bd0        0x0
 .iplt          0x0000000000000bd0        0x0 ./bsp.o

.rel.dyn        0x0000000000000bd0        0x0
 .rel.iplt      0x0000000000000bd0        0x0 ./bsp.o

.data           0x0000000020000000        0x4 load address 0x0000000000000bd0
                0x0000000020000000                _s_data = .
 *(.data)
 .data          0x0000000020000000        0x0 ./bsp.o
 .data          0x0000000020000000        0x0 ./main.o
 .data          0x0000000020000000        0x0 ./startup_TM4C123.o
 .data          0x0000000020000000        0x0 ./system_TM4C123.o
 *(.data.*)
 .data.SystemCoreClock
                0x0000000020000000        0x4 ./system_TM4C123.o
                0x0000000020000000                SystemCoreClock
                0x0000000020000004                . = ALIGN (0x4)
                0x0000000020000004                _e_data = .

.igot.plt       0x0000000020000004        0x0 load address 0x0000000000000bd4
 .igot.plt      0x0000000020000004        0x0 ./bsp.o

.bss            0x0000000020000004        0x4 load address 0x0000000000000bd4
                0x0000000020000004                _s_bss = .
 *(.bss)
 .bss           0x0000000020000004        0x0 ./bsp.o
 .bss           0x0000000020000004        0x0 ./main.o
 .bss           0x0000000020000004        0x0 ./startup_TM4C123.o
 .bss           0x0000000020000004        0x0 ./system_TM4C123.o
 *(.bss.*)
 .bss.l_tickCtr
                0x0000000020000004        0x4 ./bsp.o
 *(COMMON*)
                0x0000000020000008                . = ALIGN (0x4)
                0x0000000020000008                _e_bss = .
OUTPUT(tiva.elf elf32-littlearm)
LOAD linker stubs

.debug_info     0x0000000000000000     0x2520
 .debug_info    0x0000000000000000     0x14f4 ./bsp.o
 .debug_info    0x00000000000014f4       0xa5 ./main.o
 .debug_info    0x0000000000001599      0x20e ./startup_TM4C123.o
 .debug_info    0x00000000000017a7      0xd79 ./system_TM4C123.o

.debug_abbrev   0x0000000000000000      0x52c
 .debug_abbrev  0x0000000000000000      0x277 ./bsp.o
 .debug_abbrev  0x0000000000000277       0x67 ./main.o
 .debug_abbrev  0x00000000000002de       0xe9 ./startup_TM4C123.o
 .debug_abbrev  0x00000000000003c7      0x165 ./system_TM4C123.o

.debug_aranges  0x0000000000000000      0x150
 .debug_aranges
                0x0000000000000000       0xb0 ./bsp.o
 .debug_aranges
                0x00000000000000b0       0x20 ./main.o
 .debug_aranges
                0x00000000000000d0       0x50 ./startup_TM4C123.o
 .debug_aranges
                0x0000000000000120       0x30 ./system_TM4C123.o

.debug_ranges   0x0000000000000000      0x110
 .debug_ranges  0x0000000000000000       0xa0 ./bsp.o
 .debug_ranges  0x00000000000000a0       0x10 ./main.o
 .debug_ranges  0x00000000000000b0       0x40 ./startup_TM4C123.o
 .debug_ranges  0x00000000000000f0       0x20 ./system_TM4C123.o

.debug_macro    0x0000000000000000     0x255c
 .debug_macro   0x0000000000000000       0xd8 ./bsp.o
 .debug_macro   0x00000000000000d8      0xa5a ./bsp.o
 .debug_macro   0x0000000000000b32       0x2d ./bsp.o
 .debug_macro   0x0000000000000b5f       0x22 ./bsp.o
 .debug_macro   0x0000000000000b81       0x8e ./bsp.o
 .debug_macro   0x0000000000000c0f       0x51 ./bsp.o
 .debug_macro   0x0000000000000c60      0x103 ./bsp.o
 .debug_macro   0x0000000000000d63       0x6a ./bsp.o
 .debug_macro   0x0000000000000dcd      0x1df ./bsp.o
 .debug_macro   0x0000000000000fac       0x35 ./bsp.o
 .debug_macro   0x0000000000000fe1       0x50 ./bsp.o
 .debug_macro   0x0000000000001031      0xe66 ./bsp.o
 .debug_macro   0x0000000000001e97      0x330 ./bsp.o
 .debug_macro   0x00000000000021c7       0x34 ./bsp.o
 .debug_macro   0x00000000000021fb       0xd2 ./main.o
 .debug_macro   0x00000000000022cd       0x3b ./main.o
 .debug_macro   0x0000000000002308       0xdb ./startup_TM4C123.o
 .debug_macro   0x00000000000023e3      0x179 ./system_TM4C123.o

.debug_line     0x0000000000000000     0x13b5
 .debug_line    0x0000000000000000      0x694 ./bsp.o
 .debug_line    0x0000000000000694      0x366 ./main.o
 .debug_line    0x00000000000009fa      0x45b ./startup_TM4C123.o
 .debug_line    0x0000000000000e55      0x560 ./system_TM4C123.o

.debug_str      0x0000000000000000     0xaa40
 .debug_str     0x0000000000000000     0xa53c ./bsp.o
                                       0xa6f4 (size before relaxing)
 .debug_str     0x000000000000a53c        0xf ./main.o
                                       0x9e71 (size before relaxing)
 .debug_str     0x000000000000a54b      0x12b ./startup_TM4C123.o
                                       0x9f04 (size before relaxing)
 .debug_str     0x000000000000a676      0x3ca ./system_TM4C123.o
                                       0xa757 (size before relaxing)

.comment        0x0000000000000000       0x4d
 .comment       0x0000000000000000       0x4d ./bsp.o
                                         0x4e (size before relaxing)
 .comment       0x000000000000004d       0x4e ./main.o
 .comment       0x000000000000004d       0x4e ./startup_TM4C123.o
 .comment       0x000000000000004d       0x4e ./system_TM4C123.o

.ARM.attributes
                0x0000000000000000       0x2e
 .ARM.attributes
                0x0000000000000000       0x2e ./bsp.o
 .ARM.attributes
                0x000000000000002e       0x2e ./main.o
 .ARM.attributes
                0x000000000000005c       0x2e ./startup_TM4C123.o
 .ARM.attributes
                0x000000000000008a       0x2e ./system_TM4C123.o

.debug_frame    0x0000000000000000      0x40c
 .debug_frame   0x0000000000000000      0x2c8 ./bsp.o
 .debug_frame   0x00000000000002c8       0x2c ./main.o
 .debug_frame   0x00000000000002f4       0x94 ./startup_TM4C123.o
 .debug_frame   0x0000000000000388       0x84 ./system_TM4C123.o
