
Discarded input sections

 .group         0x0000000000000000        0xc ./bsp.o
 .group         0x0000000000000000        0xc ./bsp.o
 .group         0x0000000000000000        0xc ./bsp.o
 .group         0x0000000000000000        0xc ./bsp.o
 .group         0x0000000000000000        0xc ./bsp.o
 .group         0x0000000000000000        0xc ./bsp.o
 .group         0x0000000000000000        0xc ./bsp.o
 .group         0x0000000000000000        0xc ./bsp.o
 .group         0x0000000000000000        0xc ./bsp.o
 .group         0x0000000000000000        0xc ./bsp.o
 .group         0x0000000000000000        0xc ./bsp.o
 .group         0x0000000000000000        0xc ./bsp.o
 .group         0x0000000000000000        0xc ./bsp.o
 .group         0x0000000000000000        0xc ./led.o
 .group         0x0000000000000000        0xc ./led.o
 .group         0x0000000000000000        0xc ./led.o
 .group         0x0000000000000000        0xc ./led.o
 .group         0x0000000000000000        0xc ./led.o
 .group         0x0000000000000000        0xc ./led.o
 .group         0x0000000000000000        0xc ./led.o
 .group         0x0000000000000000        0xc ./led.o
 .group         0x0000000000000000        0xc ./led.o
 .group         0x0000000000000000        0xc ./led.o
 .group         0x0000000000000000        0xc ./led.o
 .group         0x0000000000000000        0xc ./led.o
 .group         0x0000000000000000        0xc ./led.o
 .debug_macro   0x0000000000000000      0xa5a ./led.o
 .debug_macro   0x0000000000000000       0x2d ./led.o
 .debug_macro   0x0000000000000000       0x22 ./led.o
 .debug_macro   0x0000000000000000       0x8e ./led.o
 .debug_macro   0x0000000000000000       0x51 ./led.o
 .debug_macro   0x0000000000000000      0x103 ./led.o
 .debug_macro   0x0000000000000000       0x6a ./led.o
 .debug_macro   0x0000000000000000      0x1df ./led.o
 .debug_macro   0x0000000000000000       0x35 ./led.o
 .debug_macro   0x0000000000000000       0x50 ./led.o
 .debug_macro   0x0000000000000000      0xe66 ./led.o
 .debug_macro   0x0000000000000000      0x330 ./led.o
 .debug_macro   0x0000000000000000       0x34 ./led.o
 .group         0x0000000000000000        0xc ./main.o
 .group         0x0000000000000000        0xc ./main.o
 .group         0x0000000000000000        0xc ./main.o
 .group         0x0000000000000000        0xc ./main.o
 .group         0x0000000000000000        0xc ./main.o
 .group         0x0000000000000000        0xc ./main.o
 .group         0x0000000000000000        0xc ./main.o
 .group         0x0000000000000000        0xc ./main.o
 .group         0x0000000000000000        0xc ./main.o
 .group         0x0000000000000000        0xc ./main.o
 .group         0x0000000000000000        0xc ./main.o
 .group         0x0000000000000000        0xc ./main.o
 .group         0x0000000000000000        0xc ./main.o
 .debug_macro   0x0000000000000000      0xa5a ./main.o
 .debug_macro   0x0000000000000000       0x22 ./main.o
 .debug_macro   0x0000000000000000       0x8e ./main.o
 .debug_macro   0x0000000000000000       0x51 ./main.o
 .debug_macro   0x0000000000000000      0x103 ./main.o
 .debug_macro   0x0000000000000000       0x6a ./main.o
 .debug_macro   0x0000000000000000      0x1df ./main.o
 .debug_macro   0x0000000000000000       0x34 ./main.o
 .debug_macro   0x0000000000000000       0x2d ./main.o
 .debug_macro   0x0000000000000000       0x50 ./main.o
 .debug_macro   0x0000000000000000      0xe66 ./main.o
 .debug_macro   0x0000000000000000      0x330 ./main.o
 .group         0x0000000000000000        0xc ./startup_TM4C123.o
 .group         0x0000000000000000        0xc ./startup_TM4C123.o
 .group         0x0000000000000000        0xc ./startup_TM4C123.o
 .group         0x0000000000000000        0xc ./startup_TM4C123.o
 .group         0x0000000000000000        0xc ./startup_TM4C123.o
 .group         0x0000000000000000        0xc ./startup_TM4C123.o
 .group         0x0000000000000000        0xc ./startup_TM4C123.o
 .group         0x0000000000000000        0xc ./startup_TM4C123.o
 .group         0x0000000000000000        0xc ./startup_TM4C123.o
 .group         0x0000000000000000        0xc ./startup_TM4C123.o
 .group         0x0000000000000000        0xc ./startup_TM4C123.o
 .group         0x0000000000000000        0xc ./startup_TM4C123.o
 .debug_macro   0x0000000000000000      0xa5a ./startup_TM4C123.o
 .debug_macro   0x0000000000000000       0x22 ./startup_TM4C123.o
 .debug_macro   0x0000000000000000       0x8e ./startup_TM4C123.o
 .debug_macro   0x0000000000000000       0x51 ./startup_TM4C123.o
 .debug_macro   0x0000000000000000      0x103 ./startup_TM4C123.o
 .debug_macro   0x0000000000000000       0x6a ./startup_TM4C123.o
 .debug_macro   0x0000000000000000      0x1df ./startup_TM4C123.o
 .debug_macro   0x0000000000000000       0x2d ./startup_TM4C123.o
 .debug_macro   0x0000000000000000       0x3b ./startup_TM4C123.o
 .debug_macro   0x0000000000000000       0x50 ./startup_TM4C123.o
 .debug_macro   0x0000000000000000      0xe66 ./startup_TM4C123.o
 .debug_macro   0x0000000000000000      0x330 ./startup_TM4C123.o
 .group         0x0000000000000000        0xc ./system_TM4C123.o
 .group         0x0000000000000000        0xc ./system_TM4C123.o
 .group         0x0000000000000000        0xc ./system_TM4C123.o
 .group         0x0000000000000000        0xc ./system_TM4C123.o
 .group         0x0000000000000000        0xc ./system_TM4C123.o
 .group         0x0000000000000000        0xc ./system_TM4C123.o
 .group         0x0000000000000000        0xc ./system_TM4C123.o
 .group         0x0000000000000000        0xc ./system_TM4C123.o
 .group         0x0000000000000000        0xc ./system_TM4C123.o
 .group         0x0000000000000000        0xc ./system_TM4C123.o
 .group         0x0000000000000000        0xc ./system_TM4C123.o
 .group         0x0000000000000000        0xc ./system_TM4C123.o
 .debug_macro   0x0000000000000000      0xa5a ./system_TM4C123.o
 .debug_macro   0x0000000000000000       0x22 ./system_TM4C123.o
 .debug_macro   0x0000000000000000       0x8e ./system_TM4C123.o
 .debug_macro   0x0000000000000000       0x51 ./system_TM4C123.o
 .debug_macro   0x0000000000000000      0x103 ./system_TM4C123.o
 .debug_macro   0x0000000000000000       0x6a ./system_TM4C123.o
 .debug_macro   0x0000000000000000      0x1df ./system_TM4C123.o
 .debug_macro   0x0000000000000000       0x2d ./system_TM4C123.o
 .debug_macro   0x0000000000000000       0x3b ./system_TM4C123.o
 .debug_macro   0x0000000000000000       0x50 ./system_TM4C123.o
 .debug_macro   0x0000000000000000      0xe66 ./system_TM4C123.o
 .debug_macro   0x0000000000000000      0x330 ./system_TM4C123.o

Memory Configuration

Name             Origin             Length             Attributes
FLASH            0x0000000000000000 0x0000000000040000 xr
SRAM             0x0000000020000000 0x0000000000008000 xrw
*default*        0x0000000000000000 0xffffffffffffffff

Linker script and memory map

LOAD ./bsp.o
LOAD ./led.o
LOAD ./main.o
LOAD ./startup_TM4C123.o
LOAD ./system_TM4C123.o

.text           0x0000000000000000      0xa78
 *(.isr_vector)
 .isr_vector    0x0000000000000000      0x26c ./startup_TM4C123.o
                0x0000000000000000                vectors
 *(.text)
 .text          0x000000000000026c        0x0 ./bsp.o
 .text          0x000000000000026c        0x0 ./led.o
 .text          0x000000000000026c        0x0 ./main.o
 .text          0x000000000000026c        0x0 ./startup_TM4C123.o
 .text          0x000000000000026c        0x0 ./system_TM4C123.o
 *(.text.*)
 .text.HardFault_Handler
                0x000000000000026c        0x6 ./bsp.o
                0x000000000000026c                HardFault_Handler
 .text.NMI_Handler
                0x0000000000000272        0x6 ./bsp.o
                0x0000000000000272                NMI_Handler
 .text.SysTick_Handler
                0x0000000000000278       0x10 ./bsp.o
                0x0000000000000278                SysTick_Handler
 .text.led_apb_dir
                0x0000000000000288       0x4c ./led.o
                0x0000000000000288                led_apb_dir
 .text.led_apb_dig_en
                0x00000000000002d4       0x4c ./led.o
                0x00000000000002d4                led_apb_dig_en
 .text.led_apb_toggle
                0x0000000000000320       0x4c ./led.o
                0x0000000000000320                led_apb_toggle
 .text.led_apb_on
                0x000000000000036c       0x40 ./led.o
                0x000000000000036c                led_apb_on
 .text.led_apb_off
                0x00000000000003ac       0x44 ./led.o
                0x00000000000003ac                led_apb_off
 .text.led_apb_off_all
                0x00000000000003f0       0x44 ./led.o
                0x00000000000003f0                led_apb_off_all
 .text.led_ahb_dir
                0x0000000000000434       0x4c ./led.o
                0x0000000000000434                led_ahb_dir
 .text.led_ahb_dig_en
                0x0000000000000480       0x4c ./led.o
                0x0000000000000480                led_ahb_dig_en
 .text.led_ahb_toggle
                0x00000000000004cc       0x4c ./led.o
                0x00000000000004cc                led_ahb_toggle
 .text.led_ahb_on
                0x0000000000000518       0x40 ./led.o
                0x0000000000000518                led_ahb_on
 .text.led_ahb_off
                0x0000000000000558       0x44 ./led.o
                0x0000000000000558                led_ahb_off
 .text.led_ahb_off_all
                0x000000000000059c       0x44 ./led.o
                0x000000000000059c                led_ahb_off_all
 .text.main     0x00000000000005e0       0x68 ./main.o
                0x00000000000005e0                main
 .text.soft_delay
                0x0000000000000648       0x28 ./main.o
                0x0000000000000648                soft_delay
 .text.Default_Handler
                0x0000000000000670        0x6 ./startup_TM4C123.o
                0x0000000000000670                FLASH_Handler
                0x0000000000000670                TIMER5B_Handler
                0x0000000000000670                DebugMon_Handler
                0x0000000000000670                UART3_Handler
                0x0000000000000670                I2C0_Handler
                0x0000000000000670                PWM1_2_Handler
                0x0000000000000670                UART2_Handler
                0x0000000000000670                I2C1_Handler
                0x0000000000000670                PendSV_Handler
                0x0000000000000670                TIMER2B_Handler
                0x0000000000000670                WTIMER1A_Handler
                0x0000000000000670                PWM0_3_Handler
                0x0000000000000670                USB0_Handler
                0x0000000000000670                WTIMER2B_Handler
                0x0000000000000670                SSI1_Handler
                0x0000000000000670                COMP0_Handler
                0x0000000000000670                ADC0SS0_Handler
                0x0000000000000670                ADC1SS3_Handler
                0x0000000000000670                ADC1SS2_Handler
                0x0000000000000670                TIMER1B_Handler
                0x0000000000000670                PWM1_1_Handler
                0x0000000000000670                UsageFault_Handler
                0x0000000000000670                WTIMER2A_Handler
                0x0000000000000670                ADC0SS3_Handler
                0x0000000000000670                WDT_Handler
                0x0000000000000670                CAN0_Handler
                0x0000000000000670                PWM0_1_Handler
                0x0000000000000670                UART1_Handler
                0x0000000000000670                SSI2_Handler
                0x0000000000000670                GPIOF_Handler
                0x0000000000000670                ADC0SS1_Handler
                0x0000000000000670                UDMAERR_Handler
                0x0000000000000670                GPIOD_Handler
                0x0000000000000670                SSI3_Handler
                0x0000000000000670                PWM1_FAULT_Handler
                0x0000000000000670                GPIOE_Handler
                0x0000000000000670                ADC1SS1_Handler
                0x0000000000000670                GPIOC_Handler
                0x0000000000000670                UART4_Handler
                0x0000000000000670                TIMER1A_Handler
                0x0000000000000670                UART6_Handler
                0x0000000000000670                Default_Handler
                0x0000000000000670                GPIOA_Handler
                0x0000000000000670                TIMER2A_Handler
                0x0000000000000670                PMW1_0_Handler
                0x0000000000000670                PMW0_FAULT_Handler
                0x0000000000000670                UDMA_Handler
                0x0000000000000670                WTIMER3B_Handler
                0x0000000000000670                TIMER4B_Handler
                0x0000000000000670                WTIMER0B_Handler
                0x0000000000000670                CAN1_Handler
                0x0000000000000670                UART7_Handler
                0x0000000000000670                MemManage_Handler
                0x0000000000000670                I2C2_Handler
                0x0000000000000670                SVC_Handler
                0x0000000000000670                QEI0_Handler
                0x0000000000000670                GPIOB_Handler
                0x0000000000000670                SYSCTL_Handler
                0x0000000000000670                TIMER0B_Handler
                0x0000000000000670                QEI1_Handler
                0x0000000000000670                WTIMER1B_Handler
                0x0000000000000670                TIMER4A_Handler
                0x0000000000000670                TIMER3A_Handler
                0x0000000000000670                ADC0SS2_Handler
                0x0000000000000670                PWM1_3_Handler
                0x0000000000000670                WTIMER0A_Handler
                0x0000000000000670                TIMER5A_Handler
                0x0000000000000670                WTIMER5B_Handler
                0x0000000000000670                UART5_Handler
                0x0000000000000670                UART0_Handler
                0x0000000000000670                PWM0_0_Handler
                0x0000000000000670                I2C3_Handler
                0x0000000000000670                ADC1SS0_Handler
                0x0000000000000670                TIMER3B_Handler
                0x0000000000000670                WTIMER5A_Handler
                0x0000000000000670                SSI0_Handler
                0x0000000000000670                FPU_Handler
                0x0000000000000670                COMP1_Handler
                0x0000000000000670                BusFault_Handler
                0x0000000000000670                TIMER0A_Handler
                0x0000000000000670                WTIMER3A_Handler
                0x0000000000000670                WTIMER4A_Handler
                0x0000000000000670                HIB_Handler
                0x0000000000000670                PWM0_2_Handler
                0x0000000000000670                WTIMER4B_Handler
 *fill*         0x0000000000000676        0x2 
 .text.Reset_Handler
                0x0000000000000678       0xa0 ./startup_TM4C123.o
                0x0000000000000678                Reset_Handler
 .text.getOscClk
                0x0000000000000718      0x194 ./system_TM4C123.o
 .text.SystemCoreClockUpdate
                0x00000000000008ac      0x118 ./system_TM4C123.o
                0x00000000000008ac                SystemCoreClockUpdate
 .text.SystemInit
                0x00000000000009c4       0xb4 ./system_TM4C123.o
                0x00000000000009c4                SystemInit
 *(.rodata)
 *(.rodata.*)
                0x0000000000000a78                . = ALIGN (0x4)
                0x0000000000000a78                _e_text = .

.glue_7         0x0000000000000a78        0x0
 .glue_7        0x0000000000000a78        0x0 linker stubs

.glue_7t        0x0000000000000a78        0x0
 .glue_7t       0x0000000000000a78        0x0 linker stubs

.vfp11_veneer   0x0000000000000a78        0x0
 .vfp11_veneer  0x0000000000000a78        0x0 linker stubs

.v4_bx          0x0000000000000a78        0x0
 .v4_bx         0x0000000000000a78        0x0 linker stubs

.iplt           0x0000000000000a78        0x0
 .iplt          0x0000000000000a78        0x0 ./bsp.o

.rel.dyn        0x0000000000000a78        0x0
 .rel.iplt      0x0000000000000a78        0x0 ./bsp.o

.data           0x0000000020000000        0x8 load address 0x0000000000000a78
                0x0000000020000000                _s_data = .
 *(.data)
 .data          0x0000000020000000        0x0 ./bsp.o
 .data          0x0000000020000000        0x0 ./led.o
 .data          0x0000000020000000        0x0 ./main.o
 .data          0x0000000020000000        0x0 ./startup_TM4C123.o
 .data          0x0000000020000000        0x0 ./system_TM4C123.o
 *(.data.*)
 .data.dummy    0x0000000020000000        0x4 ./main.o
                0x0000000020000000                dummy
 .data.SystemCoreClock
                0x0000000020000004        0x4 ./system_TM4C123.o
                0x0000000020000004                SystemCoreClock
                0x0000000020000008                . = ALIGN (0x4)
                0x0000000020000008                _e_data = .

.igot.plt       0x0000000020000008        0x0 load address 0x0000000000000a80
 .igot.plt      0x0000000020000008        0x0 ./bsp.o

.bss            0x0000000020000008        0x0 load address 0x0000000000000a80
                0x0000000020000008                _s_bss = .
 *(.bss)
 .bss           0x0000000020000008        0x0 ./bsp.o
 .bss           0x0000000020000008        0x0 ./led.o
 .bss           0x0000000020000008        0x0 ./main.o
 .bss           0x0000000020000008        0x0 ./startup_TM4C123.o
 .bss           0x0000000020000008        0x0 ./system_TM4C123.o
 *(.bss.*)
 *(COMMON*)
                0x0000000020000008                . = ALIGN (0x4)
                0x0000000020000008                _e_bss = .
OUTPUT(tiva.elf elf32-littlearm)
LOAD linker stubs

.debug_info     0x0000000000000000     0x22ea
 .debug_info    0x0000000000000000       0xc5 ./bsp.o
 .debug_info    0x00000000000000c5      0x535 ./led.o
 .debug_info    0x00000000000005fa      0xdc8 ./main.o
 .debug_info    0x00000000000013c2      0x1af ./startup_TM4C123.o
 .debug_info    0x0000000000001571      0xd79 ./system_TM4C123.o

.debug_abbrev   0x0000000000000000      0x562
 .debug_abbrev  0x0000000000000000       0x7f ./bsp.o
 .debug_abbrev  0x000000000000007f      0x134 ./led.o
 .debug_abbrev  0x00000000000001b3      0x161 ./main.o
 .debug_abbrev  0x0000000000000314       0xe9 ./startup_TM4C123.o
 .debug_abbrev  0x00000000000003fd      0x165 ./system_TM4C123.o

.debug_aranges  0x0000000000000000      0x128
 .debug_aranges
                0x0000000000000000       0x30 ./bsp.o
 .debug_aranges
                0x0000000000000030       0x78 ./led.o
 .debug_aranges
                0x00000000000000a8       0x28 ./main.o
 .debug_aranges
                0x00000000000000d0       0x28 ./startup_TM4C123.o
 .debug_aranges
                0x00000000000000f8       0x30 ./system_TM4C123.o

.debug_ranges   0x0000000000000000       0xd8
 .debug_ranges  0x0000000000000000       0x20 ./bsp.o
 .debug_ranges  0x0000000000000020       0x68 ./led.o
 .debug_ranges  0x0000000000000088       0x18 ./main.o
 .debug_ranges  0x00000000000000a0       0x18 ./startup_TM4C123.o
 .debug_ranges  0x00000000000000b8       0x20 ./system_TM4C123.o

.debug_macro    0x0000000000000000     0x2646
 .debug_macro   0x0000000000000000       0xdc ./bsp.o
 .debug_macro   0x00000000000000dc      0xa5a ./bsp.o
 .debug_macro   0x0000000000000b36       0x34 ./bsp.o
 .debug_macro   0x0000000000000b6a       0x2d ./bsp.o
 .debug_macro   0x0000000000000b97       0x22 ./bsp.o
 .debug_macro   0x0000000000000bb9       0x8e ./bsp.o
 .debug_macro   0x0000000000000c47       0x51 ./bsp.o
 .debug_macro   0x0000000000000c98      0x103 ./bsp.o
 .debug_macro   0x0000000000000d9b       0x6a ./bsp.o
 .debug_macro   0x0000000000000e05      0x1df ./bsp.o
 .debug_macro   0x0000000000000fe4       0x35 ./bsp.o
 .debug_macro   0x0000000000001019       0x50 ./bsp.o
 .debug_macro   0x0000000000001069      0xe66 ./bsp.o
 .debug_macro   0x0000000000001ecf      0x330 ./bsp.o
 .debug_macro   0x00000000000021ff       0xdc ./led.o
 .debug_macro   0x00000000000022db       0xdc ./main.o
 .debug_macro   0x00000000000023b7       0x3b ./main.o
 .debug_macro   0x00000000000023f2       0xdb ./startup_TM4C123.o
 .debug_macro   0x00000000000024cd      0x179 ./system_TM4C123.o

.debug_line     0x0000000000000000     0x1590
 .debug_line    0x0000000000000000      0x382 ./bsp.o
 .debug_line    0x0000000000000382      0x522 ./led.o
 .debug_line    0x00000000000008a4      0x3a8 ./main.o
 .debug_line    0x0000000000000c4c      0x3e4 ./startup_TM4C123.o
 .debug_line    0x0000000000001030      0x560 ./system_TM4C123.o

.debug_str      0x0000000000000000     0xa907
 .debug_str     0x0000000000000000     0x9d1a ./bsp.o
                                       0x9e87 (size before relaxing)
 .debug_str     0x0000000000009d1a      0x147 ./led.o
                                       0x9fcb (size before relaxing)
 .debug_str     0x0000000000009e61      0x5f5 ./main.o
                                       0xa49d (size before relaxing)
 .debug_str     0x000000000000a456       0xd7 ./startup_TM4C123.o
                                       0x9eb0 (size before relaxing)
 .debug_str     0x000000000000a52d      0x3da ./system_TM4C123.o
                                       0xa757 (size before relaxing)

.comment        0x0000000000000000       0x4d
 .comment       0x0000000000000000       0x4d ./bsp.o
                                         0x4e (size before relaxing)
 .comment       0x000000000000004d       0x4e ./led.o
 .comment       0x000000000000004d       0x4e ./main.o
 .comment       0x000000000000004d       0x4e ./startup_TM4C123.o
 .comment       0x000000000000004d       0x4e ./system_TM4C123.o

.ARM.attributes
                0x0000000000000000       0x2e
 .ARM.attributes
                0x0000000000000000       0x2e ./bsp.o
 .ARM.attributes
                0x000000000000002e       0x2e ./led.o
 .ARM.attributes
                0x000000000000005c       0x2e ./main.o
 .ARM.attributes
                0x000000000000008a       0x2e ./startup_TM4C123.o
 .ARM.attributes
                0x00000000000000b8       0x2e ./system_TM4C123.o

.debug_frame    0x0000000000000000      0x370
 .debug_frame   0x0000000000000000       0x5c ./bsp.o
 .debug_frame   0x000000000000005c      0x1f0 ./led.o
 .debug_frame   0x000000000000024c       0x54 ./main.o
 .debug_frame   0x00000000000002a0       0x4c ./startup_TM4C123.o
 .debug_frame   0x00000000000002ec       0x84 ./system_TM4C123.o
